12:00:40 **** Incremental Build of configuration Debug for project adapter_0_0_1 ****
make -r all 
make: Nothing to be done for `all'.
12:00:42 **** Incremental Build of configuration Debug for project adapter_0_0_1 ****
make -r all 
make: Nothing to be done for `all'.
12:00:43 **** Incremental Build of configuration Debug for project adapter_0_0_1 ****
make -r all 
make: Nothing to be done for `all'.
17:02:33 **** Build of configuration Debug for project lpc_board_nxp_lpcxpresso_1549 ****
make -r all 
Building file: ../src/board.c
Invoking: MCU C Compiler
arm-none-eabi-gcc -D__REDLIB__ -DDEBUG -D__CODE_RED -D__USE_LPCOPEN -DCORE_M3 -I"C:\Users\cheri\Desktop\OBD-II\src\Adapter\lpc_chip_15xx\inc" -I"C:\Users\cheri\Desktop\OBD-II\src\Adapter\lpc_board_nxp_lpcxpresso_1549\inc" -O0 -g3 -Wall -c -fmessage-length=0 -fno-builtin -ffunction-sections -fdata-sections -mcpu=cortex-m3 -mthumb -specs=redlib.specs -MMD -MP -MF"src/board.d" -MT"src/board.o" -MT"src/board.d" -o "src/board.o" "../src/board.c"
Finished building: ../src/board.c
 
Building file: ../src/board_sysinit.c
Invoking: MCU C Compiler
arm-none-eabi-gcc -D__REDLIB__ -DDEBUG -D__CODE_RED -D__USE_LPCOPEN -DCORE_M3 -I"C:\Users\cheri\Desktop\OBD-II\src\Adapter\lpc_chip_15xx\inc" -I"C:\Users\cheri\Desktop\OBD-II\src\Adapter\lpc_board_nxp_lpcxpresso_1549\inc" -O0 -g3 -Wall -c -fmessage-length=0 -fno-builtin -ffunction-sections -fdata-sections -mcpu=cortex-m3 -mthumb -specs=redlib.specs -MMD -MP -MF"src/board_sysinit.d" -MT"src/board_sysinit.o" -MT"src/board_sysinit.d" -o "src/board_sysinit.o" "../src/board_sysinit.c"
Finished building: ../src/board_sysinit.c
 
Building target: liblpc_board_nxp_lpcxpresso_1549.a
Invoking: MCU Archiver
arm-none-eabi-ar -r  "liblpc_board_nxp_lpcxpresso_1549.a"  ./src/board.o ./src/board_sysinit.o   
Finished building target: liblpc_board_nxp_lpcxpresso_1549.a
 
/bin/make --no-print-directory post-build
Performing post-build steps
arm-none-eabi-size "liblpc_board_nxp_lpcxpresso_1549.a" ; # arm-none-eabi-objdump -h -S "liblpc_board_nxp_lpcxpresso_1549.a" >"liblpc_board_nxp_lpcxpresso_1549.lss"
   text	   data	    bss	    dec	    hex	filename
   1317	      0	      0	   1317	    525	board.o (ex liblpc_board_nxp_lpcxpresso_1549.a)
    574	      0	      0	    574	    23e	board_sysinit.o (ex liblpc_board_nxp_lpcxpresso_1549.a)
 
17:02:36 **** Build of configuration Debug for project lpc_chip_15xx ****
make -r all 
Building file: ../src/acmp_15xx.c
Invoking: MCU C Compiler
arm-none-eabi-gcc -D__REDLIB__ -DDEBUG -D__CODE_RED -D__USE_LPCOPEN -DCORE_M3 -I"C:\Users\cheri\Desktop\OBD-II\src\Adapter\lpc_chip_15xx\inc" -O0 -g3 -Wall -c -fmessage-length=0 -fno-builtin -ffunction-sections -fdata-sections -mcpu=cortex-m3 -mthumb -specs=redlib.specs -MMD -MP -MF"src/acmp_15xx.d" -MT"src/acmp_15xx.o" -MT"src/acmp_15xx.d" -o "src/acmp_15xx.o" "../src/acmp_15xx.c"
Finished building: ../src/acmp_15xx.c
 
Building file: ../src/adc_15xx.c
Invoking: MCU C Compiler
arm-none-eabi-gcc -D__REDLIB__ -DDEBUG -D__CODE_RED -D__USE_LPCOPEN -DCORE_M3 -I"C:\Users\cheri\Desktop\OBD-II\src\Adapter\lpc_chip_15xx\inc" -O0 -g3 -Wall -c -fmessage-length=0 -fno-builtin -ffunction-sections -fdata-sections -mcpu=cortex-m3 -mthumb -specs=redlib.specs -MMD -MP -MF"src/adc_15xx.d" -MT"src/adc_15xx.o" -MT"src/adc_15xx.d" -o "src/adc_15xx.o" "../src/adc_15xx.c"
Finished building: ../src/adc_15xx.c
 
Building file: ../src/chip_15xx.c
Invoking: MCU C Compiler
arm-none-eabi-gcc -D__REDLIB__ -DDEBUG -D__CODE_RED -D__USE_LPCOPEN -DCORE_M3 -I"C:\Users\cheri\Desktop\OBD-II\src\Adapter\lpc_chip_15xx\inc" -O0 -g3 -Wall -c -fmessage-length=0 -fno-builtin -ffunction-sections -fdata-sections -mcpu=cortex-m3 -mthumb -specs=redlib.specs -MMD -MP -MF"src/chip_15xx.d" -MT"src/chip_15xx.o" -MT"src/chip_15xx.d" -o "src/chip_15xx.o" "../src/chip_15xx.c"
Finished building: ../src/chip_15xx.c
 
Building file: ../src/clock_15xx.c
Invoking: MCU C Compiler
arm-none-eabi-gcc -D__REDLIB__ -DDEBUG -D__CODE_RED -D__USE_LPCOPEN -DCORE_M3 -I"C:\Users\cheri\Desktop\OBD-II\src\Adapter\lpc_chip_15xx\inc" -O0 -g3 -Wall -c -fmessage-length=0 -fno-builtin -ffunction-sections -fdata-sections -mcpu=cortex-m3 -mthumb -specs=redlib.specs -MMD -MP -MF"src/clock_15xx.d" -MT"src/clock_15xx.o" -MT"src/clock_15xx.d" -o "src/clock_15xx.o" "../src/clock_15xx.c"
Finished building: ../src/clock_15xx.c
 
Building file: ../src/crc_15xx.c
Invoking: MCU C Compiler
arm-none-eabi-gcc -D__REDLIB__ -DDEBUG -D__CODE_RED -D__USE_LPCOPEN -DCORE_M3 -I"C:\Users\cheri\Desktop\OBD-II\src\Adapter\lpc_chip_15xx\inc" -O0 -g3 -Wall -c -fmessage-length=0 -fno-builtin -ffunction-sections -fdata-sections -mcpu=cortex-m3 -mthumb -specs=redlib.specs -MMD -MP -MF"src/crc_15xx.d" -MT"src/crc_15xx.o" -MT"src/crc_15xx.d" -o "src/crc_15xx.o" "../src/crc_15xx.c"
Finished building: ../src/crc_15xx.c
 
Building file: ../src/dac_15xx.c
Invoking: MCU C Compiler
arm-none-eabi-gcc -D__REDLIB__ -DDEBUG -D__CODE_RED -D__USE_LPCOPEN -DCORE_M3 -I"C:\Users\cheri\Desktop\OBD-II\src\Adapter\lpc_chip_15xx\inc" -O0 -g3 -Wall -c -fmessage-length=0 -fno-builtin -ffunction-sections -fdata-sections -mcpu=cortex-m3 -mthumb -specs=redlib.specs -MMD -MP -MF"src/dac_15xx.d" -MT"src/dac_15xx.o" -MT"src/dac_15xx.d" -o "src/dac_15xx.o" "../src/dac_15xx.c"
Finished building: ../src/dac_15xx.c
 
Building file: ../src/dma_15xx.c
Invoking: MCU C Compiler
arm-none-eabi-gcc -D__REDLIB__ -DDEBUG -D__CODE_RED -D__USE_LPCOPEN -DCORE_M3 -I"C:\Users\cheri\Desktop\OBD-II\src\Adapter\lpc_chip_15xx\inc" -O0 -g3 -Wall -c -fmessage-length=0 -fno-builtin -ffunction-sections -fdata-sections -mcpu=cortex-m3 -mthumb -specs=redlib.specs -MMD -MP -MF"src/dma_15xx.d" -MT"src/dma_15xx.o" -MT"src/dma_15xx.d" -o "src/dma_15xx.o" "../src/dma_15xx.c"
Finished building: ../src/dma_15xx.c
 
Building file: ../src/eeprom.c
Invoking: MCU C Compiler
arm-none-eabi-gcc -D__REDLIB__ -DDEBUG -D__CODE_RED -D__USE_LPCOPEN -DCORE_M3 -I"C:\Users\cheri\Desktop\OBD-II\src\Adapter\lpc_chip_15xx\inc" -O0 -g3 -Wall -c -fmessage-length=0 -fno-builtin -ffunction-sections -fdata-sections -mcpu=cortex-m3 -mthumb -specs=redlib.specs -MMD -MP -MF"src/eeprom.d" -MT"src/eeprom.o" -MT"src/eeprom.d" -o "src/eeprom.o" "../src/eeprom.c"
Finished building: ../src/eeprom.c
 
Building file: ../src/gpio_15xx.c
Invoking: MCU C Compiler
arm-none-eabi-gcc -D__REDLIB__ -DDEBUG -D__CODE_RED -D__USE_LPCOPEN -DCORE_M3 -I"C:\Users\cheri\Desktop\OBD-II\src\Adapter\lpc_chip_15xx\inc" -O0 -g3 -Wall -c -fmessage-length=0 -fno-builtin -ffunction-sections -fdata-sections -mcpu=cortex-m3 -mthumb -specs=redlib.specs -MMD -MP -MF"src/gpio_15xx.d" -MT"src/gpio_15xx.o" -MT"src/gpio_15xx.d" -o "src/gpio_15xx.o" "../src/gpio_15xx.c"
Finished building: ../src/gpio_15xx.c
 
Building file: ../src/i2c_common_15xx.c
Invoking: MCU C Compiler
arm-none-eabi-gcc -D__REDLIB__ -DDEBUG -D__CODE_RED -D__USE_LPCOPEN -DCORE_M3 -I"C:\Users\cheri\Desktop\OBD-II\src\Adapter\lpc_chip_15xx\inc" -O0 -g3 -Wall -c -fmessage-length=0 -fno-builtin -ffunction-sections -fdata-sections -mcpu=cortex-m3 -mthumb -specs=redlib.specs -MMD -MP -MF"src/i2c_common_15xx.d" -MT"src/i2c_common_15xx.o" -MT"src/i2c_common_15xx.d" -o "src/i2c_common_15xx.o" "../src/i2c_common_15xx.c"
Finished building: ../src/i2c_common_15xx.c
 
Building file: ../src/i2cm_15xx.c
Invoking: MCU C Compiler
arm-none-eabi-gcc -D__REDLIB__ -DDEBUG -D__CODE_RED -D__USE_LPCOPEN -DCORE_M3 -I"C:\Users\cheri\Desktop\OBD-II\src\Adapter\lpc_chip_15xx\inc" -O0 -g3 -Wall -c -fmessage-length=0 -fno-builtin -ffunction-sections -fdata-sections -mcpu=cortex-m3 -mthumb -specs=redlib.specs -MMD -MP -MF"src/i2cm_15xx.d" -MT"src/i2cm_15xx.o" -MT"src/i2cm_15xx.d" -o "src/i2cm_15xx.o" "../src/i2cm_15xx.c"
Finished building: ../src/i2cm_15xx.c
 
Building file: ../src/i2cs_15xx.c
Invoking: MCU C Compiler
arm-none-eabi-gcc -D__REDLIB__ -DDEBUG -D__CODE_RED -D__USE_LPCOPEN -DCORE_M3 -I"C:\Users\cheri\Desktop\OBD-II\src\Adapter\lpc_chip_15xx\inc" -O0 -g3 -Wall -c -fmessage-length=0 -fno-builtin -ffunction-sections -fdata-sections -mcpu=cortex-m3 -mthumb -specs=redlib.specs -MMD -MP -MF"src/i2cs_15xx.d" -MT"src/i2cs_15xx.o" -MT"src/i2cs_15xx.d" -o "src/i2cs_15xx.o" "../src/i2cs_15xx.c"
Finished building: ../src/i2cs_15xx.c
 
Building file: ../src/iap.c
Invoking: MCU C Compiler
arm-none-eabi-gcc -D__REDLIB__ -DDEBUG -D__CODE_RED -D__USE_LPCOPEN -DCORE_M3 -I"C:\Users\cheri\Desktop\OBD-II\src\Adapter\lpc_chip_15xx\inc" -O0 -g3 -Wall -c -fmessage-length=0 -fno-builtin -ffunction-sections -fdata-sections -mcpu=cortex-m3 -mthumb -specs=redlib.specs -MMD -MP -MF"src/iap.d" -MT"src/iap.o" -MT"src/iap.d" -o "src/iap.o" "../src/iap.c"
Finished building: ../src/iap.c
 
Building file: ../src/iocon_15xx.c
Invoking: MCU C Compiler
arm-none-eabi-gcc -D__REDLIB__ -DDEBUG -D__CODE_RED -D__USE_LPCOPEN -DCORE_M3 -I"C:\Users\cheri\Desktop\OBD-II\src\Adapter\lpc_chip_15xx\inc" -O0 -g3 -Wall -c -fmessage-length=0 -fno-builtin -ffunction-sections -fdata-sections -mcpu=cortex-m3 -mthumb -specs=redlib.specs -MMD -MP -MF"src/iocon_15xx.d" -MT"src/iocon_15xx.o" -MT"src/iocon_15xx.d" -o "src/iocon_15xx.o" "../src/iocon_15xx.c"
Finished building: ../src/iocon_15xx.c
 
Building file: ../src/pinint_15xx.c
Invoking: MCU C Compiler
arm-none-eabi-gcc -D__REDLIB__ -DDEBUG -D__CODE_RED -D__USE_LPCOPEN -DCORE_M3 -I"C:\Users\cheri\Desktop\OBD-II\src\Adapter\lpc_chip_15xx\inc" -O0 -g3 -Wall -c -fmessage-length=0 -fno-builtin -ffunction-sections -fdata-sections -mcpu=cortex-m3 -mthumb -specs=redlib.specs -MMD -MP -MF"src/pinint_15xx.d" -MT"src/pinint_15xx.o" -MT"src/pinint_15xx.d" -o "src/pinint_15xx.o" "../src/pinint_15xx.c"
Finished building: ../src/pinint_15xx.c
 
Building file: ../src/pmu_15xx.c
Invoking: MCU C Compiler
arm-none-eabi-gcc -D__REDLIB__ -DDEBUG -D__CODE_RED -D__USE_LPCOPEN -DCORE_M3 -I"C:\Users\cheri\Desktop\OBD-II\src\Adapter\lpc_chip_15xx\inc" -O0 -g3 -Wall -c -fmessage-length=0 -fno-builtin -ffunction-sections -fdata-sections -mcpu=cortex-m3 -mthumb -specs=redlib.specs -MMD -MP -MF"src/pmu_15xx.d" -MT"src/pmu_15xx.o" -MT"src/pmu_15xx.d" -o "src/pmu_15xx.o" "../src/pmu_15xx.c"
Finished building: ../src/pmu_15xx.c
 
Building file: ../src/ritimer_15xx.c
Invoking: MCU C Compiler
arm-none-eabi-gcc -D__REDLIB__ -DDEBUG -D__CODE_RED -D__USE_LPCOPEN -DCORE_M3 -I"C:\Users\cheri\Desktop\OBD-II\src\Adapter\lpc_chip_15xx\inc" -O0 -g3 -Wall -c -fmessage-length=0 -fno-builtin -ffunction-sections -fdata-sections -mcpu=cortex-m3 -mthumb -specs=redlib.specs -MMD -MP -MF"src/ritimer_15xx.d" -MT"src/ritimer_15xx.o" -MT"src/ritimer_15xx.d" -o "src/ritimer_15xx.o" "../src/ritimer_15xx.c"
Finished building: ../src/ritimer_15xx.c
 
Building file: ../src/rtc_15xx.c
Invoking: MCU C Compiler
arm-none-eabi-gcc -D__REDLIB__ -DDEBUG -D__CODE_RED -D__USE_LPCOPEN -DCORE_M3 -I"C:\Users\cheri\Desktop\OBD-II\src\Adapter\lpc_chip_15xx\inc" -O0 -g3 -Wall -c -fmessage-length=0 -fno-builtin -ffunction-sections -fdata-sections -mcpu=cortex-m3 -mthumb -specs=redlib.specs -MMD -MP -MF"src/rtc_15xx.d" -MT"src/rtc_15xx.o" -MT"src/rtc_15xx.d" -o "src/rtc_15xx.o" "../src/rtc_15xx.c"
Finished building: ../src/rtc_15xx.c
 
Building file: ../src/sct_15xx.c
Invoking: MCU C Compiler
arm-none-eabi-gcc -D__REDLIB__ -DDEBUG -D__CODE_RED -D__USE_LPCOPEN -DCORE_M3 -I"C:\Users\cheri\Desktop\OBD-II\src\Adapter\lpc_chip_15xx\inc" -O0 -g3 -Wall -c -fmessage-length=0 -fno-builtin -ffunction-sections -fdata-sections -mcpu=cortex-m3 -mthumb -specs=redlib.specs -MMD -MP -MF"src/sct_15xx.d" -MT"src/sct_15xx.o" -MT"src/sct_15xx.d" -o "src/sct_15xx.o" "../src/sct_15xx.c"
Finished building: ../src/sct_15xx.c
 
Building file: ../src/sct_pwm_15xx.c
Invoking: MCU C Compiler
arm-none-eabi-gcc -D__REDLIB__ -DDEBUG -D__CODE_RED -D__USE_LPCOPEN -DCORE_M3 -I"C:\Users\cheri\Desktop\OBD-II\src\Adapter\lpc_chip_15xx\inc" -O0 -g3 -Wall -c -fmessage-length=0 -fno-builtin -ffunction-sections -fdata-sections -mcpu=cortex-m3 -mthumb -specs=redlib.specs -MMD -MP -MF"src/sct_pwm_15xx.d" -MT"src/sct_pwm_15xx.o" -MT"src/sct_pwm_15xx.d" -o "src/sct_pwm_15xx.o" "../src/sct_pwm_15xx.c"
Finished building: ../src/sct_pwm_15xx.c
 
Building file: ../src/sctipu_15xx.c
Invoking: MCU C Compiler
arm-none-eabi-gcc -D__REDLIB__ -DDEBUG -D__CODE_RED -D__USE_LPCOPEN -DCORE_M3 -I"C:\Users\cheri\Desktop\OBD-II\src\Adapter\lpc_chip_15xx\inc" -O0 -g3 -Wall -c -fmessage-length=0 -fno-builtin -ffunction-sections -fdata-sections -mcpu=cortex-m3 -mthumb -specs=redlib.specs -MMD -MP -MF"src/sctipu_15xx.d" -MT"src/sctipu_15xx.o" -MT"src/sctipu_15xx.d" -o "src/sctipu_15xx.o" "../src/sctipu_15xx.c"
Finished building: ../src/sctipu_15xx.c
 
Building file: ../src/spi_15xx.c
Invoking: MCU C Compiler
arm-none-eabi-gcc -D__REDLIB__ -DDEBUG -D__CODE_RED -D__USE_LPCOPEN -DCORE_M3 -I"C:\Users\cheri\Desktop\OBD-II\src\Adapter\lpc_chip_15xx\inc" -O0 -g3 -Wall -c -fmessage-length=0 -fno-builtin -ffunction-sections -fdata-sections -mcpu=cortex-m3 -mthumb -specs=redlib.specs -MMD -MP -MF"src/spi_15xx.d" -MT"src/spi_15xx.o" -MT"src/spi_15xx.d" -o "src/spi_15xx.o" "../src/spi_15xx.c"
Finished building: ../src/spi_15xx.c
 
Building file: ../src/stopwatch_15xx.c
Invoking: MCU C Compiler
arm-none-eabi-gcc -D__REDLIB__ -DDEBUG -D__CODE_RED -D__USE_LPCOPEN -DCORE_M3 -I"C:\Users\cheri\Desktop\OBD-II\src\Adapter\lpc_chip_15xx\inc" -O0 -g3 -Wall -c -fmessage-length=0 -fno-builtin -ffunction-sections -fdata-sections -mcpu=cortex-m3 -mthumb -specs=redlib.specs -MMD -MP -MF"src/stopwatch_15xx.d" -MT"src/stopwatch_15xx.o" -MT"src/stopwatch_15xx.d" -o "src/stopwatch_15xx.o" "../src/stopwatch_15xx.c"
Finished building: ../src/stopwatch_15xx.c
 
Building file: ../src/swm_15xx.c
Invoking: MCU C Compiler
arm-none-eabi-gcc -D__REDLIB__ -DDEBUG -D__CODE_RED -D__USE_LPCOPEN -DCORE_M3 -I"C:\Users\cheri\Desktop\OBD-II\src\Adapter\lpc_chip_15xx\inc" -O0 -g3 -Wall -c -fmessage-length=0 -fno-builtin -ffunction-sections -fdata-sections -mcpu=cortex-m3 -mthumb -specs=redlib.specs -MMD -MP -MF"src/swm_15xx.d" -MT"src/swm_15xx.o" -MT"src/swm_15xx.d" -o "src/swm_15xx.o" "../src/swm_15xx.c"
Finished building: ../src/swm_15xx.c
 
Building file: ../src/sysctl_15xx.c
Invoking: MCU C Compiler
arm-none-eabi-gcc -D__REDLIB__ -DDEBUG -D__CODE_RED -D__USE_LPCOPEN -DCORE_M3 -I"C:\Users\cheri\Desktop\OBD-II\src\Adapter\lpc_chip_15xx\inc" -O0 -g3 -Wall -c -fmessage-length=0 -fno-builtin -ffunction-sections -fdata-sections -mcpu=cortex-m3 -mthumb -specs=redlib.specs -MMD -MP -MF"src/sysctl_15xx.d" -MT"src/sysctl_15xx.o" -MT"src/sysctl_15xx.d" -o "src/sysctl_15xx.o" "../src/sysctl_15xx.c"
Finished building: ../src/sysctl_15xx.c
 
Building file: ../src/sysinit_15xx.c
Invoking: MCU C Compiler
arm-none-eabi-gcc -D__REDLIB__ -DDEBUG -D__CODE_RED -D__USE_LPCOPEN -DCORE_M3 -I"C:\Users\cheri\Desktop\OBD-II\src\Adapter\lpc_chip_15xx\inc" -O0 -g3 -Wall -c -fmessage-length=0 -fno-builtin -ffunction-sections -fdata-sections -mcpu=cortex-m3 -mthumb -specs=redlib.specs -MMD -MP -MF"src/sysinit_15xx.d" -MT"src/sysinit_15xx.o" -MT"src/sysinit_15xx.d" -o "src/sysinit_15xx.o" "../src/sysinit_15xx.c"
Finished building: ../src/sysinit_15xx.c
 
Building file: ../src/uart_15xx.c
Invoking: MCU C Compiler
arm-none-eabi-gcc -D__REDLIB__ -DDEBUG -D__CODE_RED -D__USE_LPCOPEN -DCORE_M3 -I"C:\Users\cheri\Desktop\OBD-II\src\Adapter\lpc_chip_15xx\inc" -O0 -g3 -Wall -c -fmessage-length=0 -fno-builtin -ffunction-sections -fdata-sections -mcpu=cortex-m3 -mthumb -specs=redlib.specs -MMD -MP -MF"src/uart_15xx.d" -MT"src/uart_15xx.o" -MT"src/uart_15xx.d" -o "src/uart_15xx.o" "../src/uart_15xx.c"
Finished building: ../src/uart_15xx.c
 
Building file: ../src/wwdt_15xx.c
Invoking: MCU C Compiler
arm-none-eabi-gcc -D__REDLIB__ -DDEBUG -D__CODE_RED -D__USE_LPCOPEN -DCORE_M3 -I"C:\Users\cheri\Desktop\OBD-II\src\Adapter\lpc_chip_15xx\inc" -O0 -g3 -Wall -c -fmessage-length=0 -fno-builtin -ffunction-sections -fdata-sections -mcpu=cortex-m3 -mthumb -specs=redlib.specs -MMD -MP -MF"src/wwdt_15xx.d" -MT"src/wwdt_15xx.o" -MT"src/wwdt_15xx.d" -o "src/wwdt_15xx.o" "../src/wwdt_15xx.c"
Finished building: ../src/wwdt_15xx.c
 
Building target: liblpc_chip_15xx.a
Invoking: MCU Archiver
arm-none-eabi-ar -r  "liblpc_chip_15xx.a"  ./src/acmp_15xx.o ./src/adc_15xx.o ./src/chip_15xx.o ./src/clock_15xx.o ./src/crc_15xx.o ./src/dac_15xx.o ./src/dma_15xx.o ./src/eeprom.o ./src/gpio_15xx.o ./src/i2c_common_15xx.o ./src/i2cm_15xx.o ./src/i2cs_15xx.o ./src/iap.o ./src/iocon_15xx.o ./src/pinint_15xx.o ./src/pmu_15xx.o ./src/ring_buffer.o ./src/ritimer_15xx.o ./src/rtc_15xx.o ./src/sct_15xx.o ./src/sct_pwm_15xx.o ./src/sctipu_15xx.o ./src/spi_15xx.o ./src/stopwatch_15xx.o ./src/swm_15xx.o ./src/sysctl_15xx.o ./src/sysinit_15xx.o ./src/uart_15xx.o ./src/wwdt_15xx.o   
Finished building target: liblpc_chip_15xx.a
 
/bin/make --no-print-directory post-build
Performing post-build steps
arm-none-eabi-size "liblpc_chip_15xx.a" ; # arm-none-eabi-objdump -h -S "liblpc_chip_15xx.a" >"liblpc_chip_15xx.lss"
   text	   data	    bss	    dec	    hex	filename
    620	      0	      0	    620	    26c	acmp_15xx.o (ex liblpc_chip_15xx.a)
    812	      0	      0	    812	    32c	adc_15xx.o (ex liblpc_chip_15xx.a)
    300	      0	      0	    300	    12c	chip_15xx.o (ex liblpc_chip_15xx.a)
   1664	      0	      0	   1664	    680	clock_15xx.o (ex liblpc_chip_15xx.a)
    504	      0	      0	    504	    1f8	crc_15xx.o (ex liblpc_chip_15xx.a)
     64	      0	      0	     64	     40	dac_15xx.o (ex liblpc_chip_15xx.a)
    300	      0	      0	    300	    12c	dma_15xx.o (ex liblpc_chip_15xx.a)
    192	      0	      0	    192	     c0	eeprom.o (ex liblpc_chip_15xx.a)
    696	      0	      0	    696	    2b8	gpio_15xx.o (ex liblpc_chip_15xx.a)
     88	      0	      0	     88	     58	i2c_common_15xx.o (ex liblpc_chip_15xx.a)
    872	      0	      0	    872	    368	i2cm_15xx.o (ex liblpc_chip_15xx.a)
    448	      0	      0	    448	    1c0	i2cs_15xx.o (ex liblpc_chip_15xx.a)
    608	      0	      0	    608	    260	iap.o (ex liblpc_chip_15xx.a)
    124	      0	      0	    124	     7c	iocon_15xx.o (ex liblpc_chip_15xx.a)
      0	      0	      0	      0	      0	pinint_15xx.o (ex liblpc_chip_15xx.a)
    288	      0	      0	    288	    120	pmu_15xx.o (ex liblpc_chip_15xx.a)
    972	      0	      0	    972	    3cc	ring_buffer.o (ex liblpc_chip_15xx.a)
    644	      0	      0	    644	    284	ritimer_15xx.o (ex liblpc_chip_15xx.a)
      0	      0	      0	      0	      0	rtc_15xx.o (ex liblpc_chip_15xx.a)
    328	      0	      0	    328	    148	sct_15xx.o (ex liblpc_chip_15xx.a)
    416	      0	      0	    416	    1a0	sct_pwm_15xx.o (ex liblpc_chip_15xx.a)
    140	      0	      0	    140	     8c	sctipu_15xx.o (ex liblpc_chip_15xx.a)
   1788	      0	      0	   1788	    6fc	spi_15xx.o (ex liblpc_chip_15xx.a)
    328	      0	     12	    340	    154	stopwatch_15xx.o (ex liblpc_chip_15xx.a)
    356	      0	      0	    356	    164	swm_15xx.o (ex liblpc_chip_15xx.a)
    436	      0	      0	    436	    1b4	sysctl_15xx.o (ex liblpc_chip_15xx.a)
    416	      0	      0	    416	    1a0	sysinit_15xx.o (ex liblpc_chip_15xx.a)
   1136	      0	      0	   1136	    470	uart_15xx.o (ex liblpc_chip_15xx.a)
    116	      0	      0	    116	     74	wwdt_15xx.o (ex liblpc_chip_15xx.a)
 
17:02:44 **** Build of configuration Debug for project periph_blinky ****
make -r all 
Building file: ../example/src/sysinit.c
Invoking: MCU C Compiler
arm-none-eabi-gcc -DDEBUG -D__CODE_RED -D__USE_LPCOPEN -D__REDLIB__ -DCORE_M3 -I"C:\Users\cheri\Desktop\OBD-II\src\Adapter\lpc_chip_15xx\inc" -I"C:\Users\cheri\Desktop\OBD-II\src\Adapter\lpc_board_nxp_lpcxpresso_1549\inc" -O0 -g3 -Wall -c -fmessage-length=0 -fno-builtin -ffunction-sections -fdata-sections -mcpu=cortex-m3 -mthumb -specs=redlib.specs -MMD -MP -MF"example/src/sysinit.d" -MT"example/src/sysinit.o" -MT"example/src/sysinit.d" -o "example/src/sysinit.o" "../example/src/sysinit.c"
Finished building: ../example/src/sysinit.c
 
Building file: ../example/src/systick.c
Invoking: MCU C Compiler
arm-none-eabi-gcc -DDEBUG -D__CODE_RED -D__USE_LPCOPEN -D__REDLIB__ -DCORE_M3 -I"C:\Users\cheri\Desktop\OBD-II\src\Adapter\lpc_chip_15xx\inc" -I"C:\Users\cheri\Desktop\OBD-II\src\Adapter\lpc_board_nxp_lpcxpresso_1549\inc" -O0 -g3 -Wall -c -fmessage-length=0 -fno-builtin -ffunction-sections -fdata-sections -mcpu=cortex-m3 -mthumb -specs=redlib.specs -MMD -MP -MF"example/src/systick.d" -MT"example/src/systick.o" -MT"example/src/systick.d" -o "example/src/systick.o" "../example/src/systick.c"
Finished building: ../example/src/systick.c
 
Building target: periph_blinky.axf
Invoking: MCU Linker
arm-none-eabi-gcc -nostdlib -L"C:\Users\cheri\Desktop\OBD-II\src\Adapter\lpc_chip_15xx\Debug" -L"C:\Users\cheri\Desktop\OBD-II\src\Adapter\lpc_board_nxp_lpcxpresso_1549\Debug" -Xlinker -Map="periph_blinky.map" -Xlinker --gc-sections -mcpu=cortex-m3 -mthumb -T "periph_blinky_Debug.ld" -o "periph_blinky.axf"  ./example/src/cr_startup_lpc15xx.o ./example/src/sysinit.o ./example/src/systick.o   -llpc_board_nxp_lpcxpresso_1549 -llpc_chip_15xx
Finished building target: periph_blinky.axf
 
/bin/make --no-print-directory post-build
Performing post-build steps
arm-none-eabi-size "periph_blinky.axf"; # arm-none-eabi-objcopy -v -O binary "periph_blinky.axf" "periph_blinky.bin" ; # checksum -p LPC1549 -d "periph_blinky.bin";
   text	   data	    bss	    dec	    hex	filename
   6964	      0	    340	   7304	   1c88	periph_blinky.axf
 
17:02:55 **** Incremental Build of configuration Debug for project lpc_board_nxp_lpcxpresso_1549 ****
make -r all 
make: Nothing to be done for `all'.
17:02:56 **** Incremental Build of configuration Debug for project lpc_chip_15xx ****
make -r all 
make: Nothing to be done for `all'.
17:02:56 **** Incremental Build of configuration Debug for project periph_blinky ****
make -r all 
make: Nothing to be done for `all'.
17:02:57 **** Incremental Build of configuration Debug for project periph_blinky ****
make -r all 
make: Nothing to be done for `all'.
17:04:25 **** Incremental Build of configuration Debug for project lpc_board_nxp_lpcxpresso_1549 ****
make -r all 
make: Nothing to be done for `all'.
17:04:25 **** Incremental Build of configuration Debug for project lpc_chip_15xx ****
make -r all 
make: Nothing to be done for `all'.
17:04:26 **** Incremental Build of configuration Debug for project periph_blinky ****
make -r all 
Building file: ../example/src/systick.c
Invoking: MCU C Compiler
arm-none-eabi-gcc -DDEBUG -D__CODE_RED -D__USE_LPCOPEN -D__REDLIB__ -DCORE_M3 -I"C:\Users\cheri\Desktop\OBD-II\src\Adapter\lpc_chip_15xx\inc" -I"C:\Users\cheri\Desktop\OBD-II\src\Adapter\lpc_board_nxp_lpcxpresso_1549\inc" -O0 -g3 -Wall -c -fmessage-length=0 -fno-builtin -ffunction-sections -fdata-sections -mcpu=cortex-m3 -mthumb -specs=redlib.specs -MMD -MP -MF"example/src/systick.d" -MT"example/src/systick.o" -MT"example/src/systick.d" -o "example/src/systick.o" "../example/src/systick.c"
Finished building: ../example/src/systick.c
 
Building target: periph_blinky.axf
Invoking: MCU Linker
arm-none-eabi-gcc -nostdlib -L"C:\Users\cheri\Desktop\OBD-II\src\Adapter\lpc_chip_15xx\Debug" -L"C:\Users\cheri\Desktop\OBD-II\src\Adapter\lpc_board_nxp_lpcxpresso_1549\Debug" -Xlinker -Map="periph_blinky.map" -Xlinker --gc-sections -mcpu=cortex-m3 -mthumb -T "periph_blinky_Debug.ld" -o "periph_blinky.axf"  ./example/src/cr_startup_lpc15xx.o ./example/src/sysinit.o ./example/src/systick.o   -llpc_board_nxp_lpcxpresso_1549 -llpc_chip_15xx
Finished building target: periph_blinky.axf
 
/bin/make --no-print-directory post-build
Performing post-build steps
arm-none-eabi-size "periph_blinky.axf"; # arm-none-eabi-objcopy -v -O binary "periph_blinky.axf" "periph_blinky.bin" ; # checksum -p LPC1549 -d "periph_blinky.bin";
   text	   data	    bss	    dec	    hex	filename
   6964	      0	    340	   7304	   1c88	periph_blinky.axf
 
17:04:27 **** Incremental Build of configuration Debug for project periph_blinky ****
make -r all 
make: Nothing to be done for `all'.
17:05:00 **** Incremental Build of configuration Debug for project periph_blinky ****
make -r all 
Building file: ../example/src/systick.c
Invoking: MCU C Compiler
arm-none-eabi-gcc -DDEBUG -D__CODE_RED -D__USE_LPCOPEN -D__REDLIB__ -DCORE_M3 -I"C:\Users\cheri\Desktop\OBD-II\src\Adapter\lpc_chip_15xx\inc" -I"C:\Users\cheri\Desktop\OBD-II\src\Adapter\lpc_board_nxp_lpcxpresso_1549\inc" -O0 -g3 -Wall -c -fmessage-length=0 -fno-builtin -ffunction-sections -fdata-sections -mcpu=cortex-m3 -mthumb -specs=redlib.specs -MMD -MP -MF"example/src/systick.d" -MT"example/src/systick.o" -MT"example/src/systick.d" -o "example/src/systick.o" "../example/src/systick.c"
Finished building: ../example/src/systick.c
 
Building target: periph_blinky.axf
Invoking: MCU Linker
arm-none-eabi-gcc -nostdlib -L"C:\Users\cheri\Desktop\OBD-II\src\Adapter\lpc_chip_15xx\Debug" -L"C:\Users\cheri\Desktop\OBD-II\src\Adapter\lpc_board_nxp_lpcxpresso_1549\Debug" -Xlinker -Map="periph_blinky.map" -Xlinker --gc-sections -mcpu=cortex-m3 -mthumb -T "periph_blinky_Debug.ld" -o "periph_blinky.axf"  ./example/src/cr_startup_lpc15xx.o ./example/src/sysinit.o ./example/src/systick.o   -llpc_board_nxp_lpcxpresso_1549 -llpc_chip_15xx
Finished building target: periph_blinky.axf
 
/bin/make --no-print-directory post-build
Performing post-build steps
arm-none-eabi-size "periph_blinky.axf"; # arm-none-eabi-objcopy -v -O binary "periph_blinky.axf" "periph_blinky.bin" ; # checksum -p LPC1549 -d "periph_blinky.bin";
   text	   data	    bss	    dec	    hex	filename
   6964	      0	    340	   7304	   1c88	periph_blinky.axf
 
17:05:45 **** Incremental Build of configuration Debug for project periph_blinky ****
make -r all 
Building file: ../example/src/systick.c
Invoking: MCU C Compiler
arm-none-eabi-gcc -DDEBUG -D__CODE_RED -D__USE_LPCOPEN -D__REDLIB__ -DCORE_M3 -I"C:\Users\cheri\Desktop\OBD-II\src\Adapter\lpc_chip_15xx\inc" -I"C:\Users\cheri\Desktop\OBD-II\src\Adapter\lpc_board_nxp_lpcxpresso_1549\inc" -O0 -g3 -Wall -c -fmessage-length=0 -fno-builtin -ffunction-sections -fdata-sections -mcpu=cortex-m3 -mthumb -specs=redlib.specs -MMD -MP -MF"example/src/systick.d" -MT"example/src/systick.o" -MT"example/src/systick.d" -o "example/src/systick.o" "../example/src/systick.c"
Finished building: ../example/src/systick.c
 
Building target: periph_blinky.axf
Invoking: MCU Linker
arm-none-eabi-gcc -nostdlib -L"C:\Users\cheri\Desktop\OBD-II\src\Adapter\lpc_chip_15xx\Debug" -L"C:\Users\cheri\Desktop\OBD-II\src\Adapter\lpc_board_nxp_lpcxpresso_1549\Debug" -Xlinker -Map="periph_blinky.map" -Xlinker --gc-sections -mcpu=cortex-m3 -mthumb -T "periph_blinky_Debug.ld" -o "periph_blinky.axf"  ./example/src/cr_startup_lpc15xx.o ./example/src/sysinit.o ./example/src/systick.o   -llpc_board_nxp_lpcxpresso_1549 -llpc_chip_15xx
Finished building target: periph_blinky.axf
 
/bin/make --no-print-directory post-build
Performing post-build steps
arm-none-eabi-size "periph_blinky.axf"; # arm-none-eabi-objcopy -v -O binary "periph_blinky.axf" "periph_blinky.bin" ; # checksum -p LPC1549 -d "periph_blinky.bin";
   text	   data	    bss	    dec	    hex	filename
   6972	      0	    340	   7312	   1c90	periph_blinky.axf
 
17:08:09 **** Incremental Build of configuration Debug for project periph_blinky ****
make -r all 
Building file: ../example/src/systick.c
Invoking: MCU C Compiler
arm-none-eabi-gcc -DDEBUG -D__CODE_RED -D__USE_LPCOPEN -D__REDLIB__ -DCORE_M3 -I"C:\Users\cheri\Desktop\OBD-II\src\Adapter\lpc_chip_15xx\inc" -I"C:\Users\cheri\Desktop\OBD-II\src\Adapter\lpc_board_nxp_lpcxpresso_1549\inc" -O0 -g3 -Wall -c -fmessage-length=0 -fno-builtin -ffunction-sections -fdata-sections -mcpu=cortex-m3 -mthumb -specs=redlib.specs -MMD -MP -MF"example/src/systick.d" -MT"example/src/systick.o" -MT"example/src/systick.d" -o "example/src/systick.o" "../example/src/systick.c"
Finished building: ../example/src/systick.c
 
Building target: periph_blinky.axf
Invoking: MCU Linker
arm-none-eabi-gcc -nostdlib -L"C:\Users\cheri\Desktop\OBD-II\src\Adapter\lpc_chip_15xx\Debug" -L"C:\Users\cheri\Desktop\OBD-II\src\Adapter\lpc_board_nxp_lpcxpresso_1549\Debug" -Xlinker -Map="periph_blinky.map" -Xlinker --gc-sections -mcpu=cortex-m3 -mthumb -T "periph_blinky_Debug.ld" -o "periph_blinky.axf"  ./example/src/cr_startup_lpc15xx.o ./example/src/sysinit.o ./example/src/systick.o   -llpc_board_nxp_lpcxpresso_1549 -llpc_chip_15xx
Finished building target: periph_blinky.axf
 
/bin/make --no-print-directory post-build
Performing post-build steps
arm-none-eabi-size "periph_blinky.axf"; # arm-none-eabi-objcopy -v -O binary "periph_blinky.axf" "periph_blinky.bin" ; # checksum -p LPC1549 -d "periph_blinky.bin";
   text	   data	    bss	    dec	    hex	filename
   6972	      0	    340	   7312	   1c90	periph_blinky.axf
 
17:49:24 **** Incremental Build of configuration Debug for project periph_blinky ****
make -r all 
Building file: ../example/src/systick.c
Invoking: MCU C Compiler
arm-none-eabi-gcc -DDEBUG -D__CODE_RED -D__USE_LPCOPEN -D__REDLIB__ -DCORE_M3 -I"C:\Users\cheri\Desktop\OBD-II\src\Adapter\lpc_chip_15xx\inc" -I"C:\Users\cheri\Desktop\OBD-II\src\Adapter\lpc_board_nxp_lpcxpresso_1549\inc" -O0 -g3 -Wall -c -fmessage-length=0 -fno-builtin -ffunction-sections -fdata-sections -mcpu=cortex-m3 -mthumb -specs=redlib.specs -MMD -MP -MF"example/src/systick.d" -MT"example/src/systick.o" -MT"example/src/systick.d" -o "example/src/systick.o" "../example/src/systick.c"
../example/src/systick.c: In function 'SysTick_Handler':
../example/src/systick.c:96:21: error: 'ture' undeclared (first use in this function)
    Board_LED_Set(2, ture);
                     ^
../example/src/systick.c:96:21: note: each undeclared identifier is reported only once for each function it appears in
../example/src/systick.c:100:2: error: duplicate case value
  case 4:
  ^
../example/src/systick.c:92:2: error: previously used here
  case 4:
  ^
make: *** [example/src/systick.o] Error 1
17:49:54 **** Incremental Build of configuration Debug for project periph_blinky ****
make -r all 
Building file: ../example/src/systick.c
Invoking: MCU C Compiler
arm-none-eabi-gcc -DDEBUG -D__CODE_RED -D__USE_LPCOPEN -D__REDLIB__ -DCORE_M3 -I"C:\Users\cheri\Desktop\OBD-II\src\Adapter\lpc_chip_15xx\inc" -I"C:\Users\cheri\Desktop\OBD-II\src\Adapter\lpc_board_nxp_lpcxpresso_1549\inc" -O0 -g3 -Wall -c -fmessage-length=0 -fno-builtin -ffunction-sections -fdata-sections -mcpu=cortex-m3 -mthumb -specs=redlib.specs -MMD -MP -MF"example/src/systick.d" -MT"example/src/systick.o" -MT"example/src/systick.d" -o "example/src/systick.o" "../example/src/systick.c"
../example/src/systick.c: In function 'SysTick_Handler':
../example/src/systick.c:96:21: error: 'ture' undeclared (first use in this function)
    Board_LED_Set(2, ture);
                     ^
../example/src/systick.c:96:21: note: each undeclared identifier is reported only once for each function it appears in
make: *** [example/src/systick.o] Error 1
17:50:08 **** Incremental Build of configuration Debug for project periph_blinky ****
make -r all 
Building file: ../example/src/systick.c
Invoking: MCU C Compiler
arm-none-eabi-gcc -DDEBUG -D__CODE_RED -D__USE_LPCOPEN -D__REDLIB__ -DCORE_M3 -I"C:\Users\cheri\Desktop\OBD-II\src\Adapter\lpc_chip_15xx\inc" -I"C:\Users\cheri\Desktop\OBD-II\src\Adapter\lpc_board_nxp_lpcxpresso_1549\inc" -O0 -g3 -Wall -c -fmessage-length=0 -fno-builtin -ffunction-sections -fdata-sections -mcpu=cortex-m3 -mthumb -specs=redlib.specs -MMD -MP -MF"example/src/systick.d" -MT"example/src/systick.o" -MT"example/src/systick.d" -o "example/src/systick.o" "../example/src/systick.c"
../example/src/systick.c: In function 'SysTick_Handler':
../example/src/systick.c:104:21: error: 'ture' undeclared (first use in this function)
    Board_LED_Set(2, ture);
                     ^
../example/src/systick.c:104:21: note: each undeclared identifier is reported only once for each function it appears in
make: *** [example/src/systick.o] Error 1
17:50:22 **** Incremental Build of configuration Debug for project periph_blinky ****
make -r all 
Building file: ../example/src/systick.c
Invoking: MCU C Compiler
arm-none-eabi-gcc -DDEBUG -D__CODE_RED -D__USE_LPCOPEN -D__REDLIB__ -DCORE_M3 -I"C:\Users\cheri\Desktop\OBD-II\src\Adapter\lpc_chip_15xx\inc" -I"C:\Users\cheri\Desktop\OBD-II\src\Adapter\lpc_board_nxp_lpcxpresso_1549\inc" -O0 -g3 -Wall -c -fmessage-length=0 -fno-builtin -ffunction-sections -fdata-sections -mcpu=cortex-m3 -mthumb -specs=redlib.specs -MMD -MP -MF"example/src/systick.d" -MT"example/src/systick.o" -MT"example/src/systick.d" -o "example/src/systick.o" "../example/src/systick.c"
Finished building: ../example/src/systick.c
 
Building target: periph_blinky.axf
Invoking: MCU Linker
arm-none-eabi-gcc -nostdlib -L"C:\Users\cheri\Desktop\OBD-II\src\Adapter\lpc_chip_15xx\Debug" -L"C:\Users\cheri\Desktop\OBD-II\src\Adapter\lpc_board_nxp_lpcxpresso_1549\Debug" -Xlinker -Map="periph_blinky.map" -Xlinker --gc-sections -mcpu=cortex-m3 -mthumb -T "periph_blinky_Debug.ld" -o "periph_blinky.axf"  ./example/src/cr_startup_lpc15xx.o ./example/src/sysinit.o ./example/src/systick.o   -llpc_board_nxp_lpcxpresso_1549 -llpc_chip_15xx
Finished building target: periph_blinky.axf
 
/bin/make --no-print-directory post-build
Performing post-build steps
arm-none-eabi-size "periph_blinky.axf"; # arm-none-eabi-objcopy -v -O binary "periph_blinky.axf" "periph_blinky.bin" ; # checksum -p LPC1549 -d "periph_blinky.bin";
   text	   data	    bss	    dec	    hex	filename
   7120	      0	    344	   7464	   1d28	periph_blinky.axf
 
11:31:40 **** Build of configuration Debug for project adapter_0_0_1 ****
make -r all 
Building target: adapter_0_0_1.axf
Invoking: MCU C++ Linker
arm-none-eabi-c++ -nostdlib -Xlinker -Map="adapter_0_0_1.map" -Xlinker --gc-sections -Xlinker -print-memory-usage -mcpu=cortex-m3 -mthumb -T "adapter_0_0_1_Debug.ld" -o "adapter_0_0_1.axf"  ./src/drivers_src/can_controllor.o ./src/drivers_src/kwp_usart.o ./src/drivers_src/led.o ./src/drivers_src/timer.o ./src/drivers_src/usart.o  ./src/chip_15xx_src/acmp_15xx.o ./src/chip_15xx_src/adc_15xx.o ./src/chip_15xx_src/chip_15xx.o ./src/chip_15xx_src/clock_15xx.o ./src/chip_15xx_src/crc_15xx.o ./src/chip_15xx_src/dac_15xx.o ./src/chip_15xx_src/dma_15xx.o ./src/chip_15xx_src/eeprom.o ./src/chip_15xx_src/gpio_15xx.o ./src/chip_15xx_src/i2c_common_15xx.o ./src/chip_15xx_src/i2cm_15xx.o ./src/chip_15xx_src/i2cs_15xx.o ./src/chip_15xx_src/iap.o ./src/chip_15xx_src/iocon_15xx.o ./src/chip_15xx_src/pinint_15xx.o ./src/chip_15xx_src/pmu_15xx.o ./src/chip_15xx_src/ring_buffer.o ./src/chip_15xx_src/ritimer_15xx.o ./src/chip_15xx_src/rtc_15xx.o ./src/chip_15xx_src/sct_15xx.o ./src/chip_15xx_src/sct_pwm_15xx.o ./src/chip_15xx_src/sctipu_15xx.o ./src/chip_15xx_src/spi_15xx.o ./src/chip_15xx_src/stopwatch_15xx.o ./src/chip_15xx_src/swm_15xx.o ./src/chip_15xx_src/sysctl_15xx.o ./src/chip_15xx_src/sysinit_15xx.o ./src/chip_15xx_src/uart_15xx.o ./src/chip_15xx_src/wwdt_15xx.o  ./src/board_src/adpapter_board.o ./src/board_src/board_configure.o  ./src/adapter_0_0_1.o ./src/cr_cpp_config.o ./src/cr_startup_lpc15xx.o ./src/crp.o   
Memory region         Used Size  Region Size  %age Used
       MFlash256:       23664 B       256 KB      9.03%
         Ram0_16:        3992 B        16 KB     24.37%
         Ram1_16:          0 GB        16 KB      0.00%
          Ram2_4:          0 GB         4 KB      0.00%
Finished building target: adapter_0_0_1.axf
 
/bin/make --no-print-directory post-build
Performing post-build steps
arm-none-eabi-size "adapter_0_0_1.axf"; # arm-none-eabi-objcopy -v -O binary "adapter_0_0_1.axf" "adapter_0_0_1.bin" ; # checksum -p LPC1549 -d "adapter_0_0_1.bin";
   text	   data	    bss	    dec	    hex	filename
  21528	   2136	   1856	  25520	   63b0	adapter_0_0_1.axf
 
11:31:43 **** Incremental Build of configuration Debug for project adapter_0_0_1 ****
make -r all 
make: Nothing to be done for `all'.
11:34:51 **** Incremental Build of configuration Debug for project adapter_0_0_1 ****
make -r all 
make: Nothing to be done for `all'.
11:36:28 **** Incremental Build of configuration Debug for project adapter_0_0_1 ****
make -r all 
Building file: ../src/adapter_0_0_1.cpp
Invoking: MCU C++ Compiler
arm-none-eabi-c++ -std=gnu++11 -D__NEWLIB__ -DDEBUG -D__CODE_RED -DCORE_M3 -DCPP_USE_HEAP -D__LPC15XX__ -I"C:\Users\cheri\Desktop\OBD-II\src\Adapter\adapter_0_0_1\inc" -I"C:\Users\cheri\Desktop\OBD-II\src\Adapter\adapter_0_0_1\inc\adapter_inc" -I"C:\Users\cheri\Desktop\OBD-II\src\Adapter\adapter_0_0_1\inc\chip_15xx_inc\usbd" -I"C:\Users\cheri\Desktop\OBD-II\src\Adapter\adapter_0_0_1\inc\chip_15xx_inc" -I"C:\Users\cheri\Desktop\OBD-II\src\Adapter\adapter_0_0_1\inc\drivers_inc" -I"C:\Users\cheri\Desktop\OBD-II\src\Adapter\adapter_0_0_1\inc\obd_protocol_inc" -I"C:\Users\cheri\Desktop\OBD-II\src\Adapter\adapter_0_0_1\inc\utilities_inc" -I"C:\Users\cheri\Desktop\OBD-II\src\Adapter\adapter_0_0_1\inc\board_inc" -O0 -fno-common -g3 -Wall -c -fmessage-length=0 -fno-builtin -ffunction-sections -fdata-sections -fno-rtti -fno-exceptions -mcpu=cortex-m3 -mthumb -MMD -MP -MF"src/adapter_0_0_1.d" -MT"src/adapter_0_0_1.o" -MT"src/adapter_0_0_1.d" -o "src/adapter_0_0_1.o" "../src/adapter_0_0_1.cpp"
../src/adapter_0_0_1.cpp: In function 'int main()':
../src/adapter_0_0_1.cpp:125:16: warning: unused variable 'hKwp_Uart' [-Wunused-variable]
     KWP_UART * hKwp_Uart =  KWP_UART::Instance();
                ^
../src/adapter_0_0_1.cpp: In function 'void Init_Bluetooth()':
../src/adapter_0_0_1.cpp:215:15: warning: comparison with string literal results in unspecified behaviour [-Waddress]
  while(str != "OK+Set:1")
               ^
../src/adapter_0_0_1.cpp:202:10: warning: unused variable 'ch' [-Wunused-variable]
     char ch[] = "AT";
          ^
../src/adapter_0_0_1.cpp:211:9: warning: variable 'temp_str' set but not used [-Wunused-but-set-variable]
  char * temp_str;
         ^
../src/adapter_0_0_1.cpp: At global scope:
../src/adapter_0_0_1.cpp:33:22: warning: 'KWP_UART_CFG' defined but not used [-Wunused-variable]
 static UART_CONFIG_T KWP_UART_CFG  =
                      ^
Finished building: ../src/adapter_0_0_1.cpp
 
Building target: adapter_0_0_1.axf
Invoking: MCU C++ Linker
arm-none-eabi-c++ -nostdlib -Xlinker -Map="adapter_0_0_1.map" -Xlinker --gc-sections -Xlinker -print-memory-usage -mcpu=cortex-m3 -mthumb -T "adapter_0_0_1_Debug.ld" -o "adapter_0_0_1.axf"  ./src/drivers_src/can_controllor.o ./src/drivers_src/kwp_usart.o ./src/drivers_src/led.o ./src/drivers_src/timer.o ./src/drivers_src/usart.o  ./src/chip_15xx_src/acmp_15xx.o ./src/chip_15xx_src/adc_15xx.o ./src/chip_15xx_src/chip_15xx.o ./src/chip_15xx_src/clock_15xx.o ./src/chip_15xx_src/crc_15xx.o ./src/chip_15xx_src/dac_15xx.o ./src/chip_15xx_src/dma_15xx.o ./src/chip_15xx_src/eeprom.o ./src/chip_15xx_src/gpio_15xx.o ./src/chip_15xx_src/i2c_common_15xx.o ./src/chip_15xx_src/i2cm_15xx.o ./src/chip_15xx_src/i2cs_15xx.o ./src/chip_15xx_src/iap.o ./src/chip_15xx_src/iocon_15xx.o ./src/chip_15xx_src/pinint_15xx.o ./src/chip_15xx_src/pmu_15xx.o ./src/chip_15xx_src/ring_buffer.o ./src/chip_15xx_src/ritimer_15xx.o ./src/chip_15xx_src/rtc_15xx.o ./src/chip_15xx_src/sct_15xx.o ./src/chip_15xx_src/sct_pwm_15xx.o ./src/chip_15xx_src/sctipu_15xx.o ./src/chip_15xx_src/spi_15xx.o ./src/chip_15xx_src/stopwatch_15xx.o ./src/chip_15xx_src/swm_15xx.o ./src/chip_15xx_src/sysctl_15xx.o ./src/chip_15xx_src/sysinit_15xx.o ./src/chip_15xx_src/uart_15xx.o ./src/chip_15xx_src/wwdt_15xx.o  ./src/board_src/adpapter_board.o ./src/board_src/board_configure.o  ./src/adapter_0_0_1.o ./src/cr_cpp_config.o ./src/cr_startup_lpc15xx.o ./src/crp.o   
Memory region         Used Size  Region Size  %age Used
       MFlash256:       23740 B       256 KB      9.06%
         Ram0_16:        3992 B        16 KB     24.37%
         Ram1_16:          0 GB        16 KB      0.00%
          Ram2_4:          0 GB         4 KB      0.00%
Finished building target: adapter_0_0_1.axf
 
/bin/make --no-print-directory post-build
Performing post-build steps
arm-none-eabi-size "adapter_0_0_1.axf"; # arm-none-eabi-objcopy -v -O binary "adapter_0_0_1.axf" "adapter_0_0_1.bin" ; # checksum -p LPC1549 -d "adapter_0_0_1.bin";
   text	   data	    bss	    dec	    hex	filename
  21604	   2136	   1856	  25596	   63fc	adapter_0_0_1.axf
 
19:37:37 **** Build of configuration Debug for project obdlpc15 ****
make -r all 
Building file: ../src/util/algorithms.cpp
Invoking: MCU C++ Compiler
arm-none-eabi-c++ -D__NEWLIB__ -DDEBUG -D__CODE_RED -DCORE_M3 -DCPP_USE_HEAP -D__LPC15XX__ -D__USE_CMSIS -I"C:\Users\cheri\Desktop\OBD-II\src\Adapter\obdlpc15\inc" -I"C:\Users\cheri\Desktop\OBD-II\src\Adapter\obdlpc15\src\drv\lpc15xx" -I"C:\Users\cheri\Desktop\OBD-II\src\Adapter\obdlpc15\src\util" -I"C:\Users\cheri\Desktop\OBD-II\src\Adapter\obdlpc15\src\adapter" -I"C:\Users\cheri\Desktop\OBD-II\src\Adapter\obdlpc15\inc\chip_15xx" -I"C:\Users\cheri\Desktop\OBD-II\src\Adapter\obdlpc15\inc\chip_common" -O0 -g3 -Wall -c -fmessage-length=0 -fno-builtin -ffunction-sections -fdata-sections -fno-rtti -Wno-sign-compare -Wno-unused-function -mcpu=cortex-m3 -mthumb -D__NEWLIB__ -MMD -MP -MF"src/util/algorithms.d" -MT"src/util/algorithms.o" -MT"src/util/algorithms.d" -o "src/util/algorithms.o" "../src/util/algorithms.cpp"
In file included from c:\nxp\lpcxpresso_8.2.2_650\lpcxpresso\tools\arm-none-eabi\include\c++\5.4.1\cstdint:35:0,
                 from ../src/util/lstring.h:15,
                 from ../src/util/algorithms.h:11,
                 from ../src/util/algorithms.cpp:10:
c:\nxp\lpcxpresso_8.2.2_650\lpcxpresso\tools\arm-none-eabi\include\c++\5.4.1\bits\c++0x_warning.h:32:2: error: #error This file requires compiler and library support for the ISO C++ 2011 standard. This support must be enabled with the -std=c++11 or -std=gnu++11 compiler options.
 #error This file requires compiler and library support \
  ^
In file included from ../src/util/algorithms.h:11:0,
                 from ../src/util/algorithms.cpp:10:
../src/util/lstring.h:25:18: error: 'uint32_t' does not name a type
     const static uint32_t STRING_SIZE = 50;
                  ^
../src/util/lstring.h:26:18: error: 'uint32_t' does not name a type
     const static uint32_t npos = 0xFFFFFFFF;
                  ^
../src/util/lstring.h:27:21: error: expected ')' before 'size'
     string(uint32_t size = STRING_SIZE);
                     ^
../src/util/lstring.h:30:21: error: expected ')' before 'count'
     string(uint32_t count, char ch);
                     ^
../src/util/lstring.h:32:17: error: 'uint32_t' has not been declared
     void resize(uint32_t count);
                 ^
../src/util/lstring.h:33:17: error: 'uint32_t' has not been declared
     void resize(uint32_t count, char ch);
                 ^
../src/util/lstring.h:35:35: error: 'uint32_t' has not been declared
     string& append(const char* s, uint32_t count);
                                   ^
../src/util/lstring.h:36:13: error: expected ';' at end of member declaration
     string& append(uint32_t count, char ch);
             ^
../src/util/lstring.h:36:20: error: 'util::string& util::string::append' conflicts with a previous declaration
     string& append(uint32_t count, char ch);
                    ^
../src/util/lstring.h:35:13: note: previous declaration 'util::string::append'
     string& append(const char* s, uint32_t count);
             ^
../src/util/lstring.h:36:29: error: expected ')' before 'count'
     string& append(uint32_t count, char ch);
                             ^
../src/util/lstring.h:37:13: error: expected ';' at end of member declaration
     string& assign(uint32_t count, char ch);
             ^
../src/util/lstring.h:37:29: error: expected ')' before 'count'
     string& assign(uint32_t count, char ch);
                             ^
../src/util/lstring.h:39:5: error: 'uint32_t' does not name a type
     uint32_t copy(char* dest, uint32_t count, uint32_t pos = 0) const;
     ^
../src/util/lstring.h:42:5: error: 'uint32_t' does not name a type
     uint32_t find(const string& str, uint32_t pos = 0) const;
     ^
../src/util/lstring.h:43:5: error: 'uint32_t' does not name a type
     uint32_t find(char ch, uint32_t pos = 0) const;
     ^
../src/util/lstring.h:44:5: error: 'uint32_t' does not name a type
     uint32_t length() const { return length_; }
     ^
../src/util/lstring.h:45:19: error: 'uint32_t' has not been declared
     string substr(uint32_t pos, uint32_t count = npos) const;
                   ^
../src/util/lstring.h:45:33: error: 'uint32_t' has not been declared
     string substr(uint32_t pos, uint32_t count = npos) const;
                                 ^
../src/util/lstring.h:49:21: error: 'uint32_t' has not been declared
     char operator[](uint32_t pos) const { return data_[pos]; }
                     ^
../src/util/lstring.h:50:22: error: declaration of 'operator[]' as non-function
     char& operator[](uint32_t pos) { return data_[pos]; }
                      ^
../src/util/lstring.h:50:20: error: expected ';' at end of member declaration
     char& operator[](uint32_t pos) { return data_[pos]; }
                    ^
../src/util/lstring.h:50:31: error: expected ')' before 'pos'
     char& operator[](uint32_t pos) { return data_[pos]; }
                               ^
../src/util/lstring.h:54:15: error: 'uint32_t' has not been declared
     void init(uint32_t size);
               ^
../src/util/lstring.h:56:5: error: 'uint16_t' does not name a type
     uint16_t length_;
     ^
../src/util/lstring.h:57:5: error: 'uint16_t' does not name a type
     uint16_t allocatedLength_;
     ^
../src/util/lstring.h:45:50: error: 'npos' was not declared in this scope
     string substr(uint32_t pos, uint32_t count = npos) const;
                                                  ^
../src/util/lstring.h: In member function 'bool util::string::empty() const':
../src/util/lstring.h:41:34: error: 'length_' was not declared in this scope
     bool empty() const { return (length_ == 0); }
                                  ^
In file included from ../src/util/algorithms.cpp:10:0:
../src/util/algorithms.h: At global scope:
../src/util/algorithms.h:18:5: error: 'uint32_t' does not name a type
     uint32_t stoul(const string& str, uint32_t* pos = 0, int base = 10);
     ^
../src/util/algorithms.h:20:19: error: 'uint8_t' was not declared in this scope
     char to_ascii(uint8_t byte);
                   ^
../src/util/algorithms.cpp: In function 'void util::to_lower(util::string&)':
../src/util/algorithms.cpp:22:29: error: 'class util::string' has no member named 'length'
     for (int i = 0; i < str.length(); i++) {
                             ^
../src/util/algorithms.cpp:23:16: error: lvalue required as left operand of assignment
         str[i] = tolower(str[i]);
                ^
../src/util/algorithms.cpp: In function 'void util::to_upper(util::string&)':
../src/util/algorithms.cpp:33:29: error: 'class util::string' has no member named 'length'
     for (int i = 0; i < str.length(); i++) {
                             ^
../src/util/algorithms.cpp:34:16: error: lvalue required as left operand of assignment
         str[i] = toupper(str[i]);
                ^
../src/util/algorithms.cpp: In function 'bool util::is_xdigits(const util::string&)':
../src/util/algorithms.cpp:45:19: error: 'const class util::string' has no member named 'length'
     int len = str.length();
                   ^
../src/util/algorithms.cpp: In function 'void util::remove_space(util::string&)':
../src/util/algorithms.cpp:64:19: error: 'class util::string' has no member named 'length'
     int len = str.length();
                   ^
../src/util/algorithms.cpp:68:22: error: lvalue required as left operand of assignment
             str[j++] = str[i];
                      ^
../src/util/algorithms.cpp: At global scope:
../src/util/algorithms.cpp:81:1: error: 'uint32_t' does not name a type
 uint32_t stoul(const string& str, uint32_t* pos, int base)
 ^
../src/util/algorithms.cpp:93:15: error: redefinition of 'char util::to_ascii'
 char to_ascii(uint8_t byte)
               ^
In file included from ../src/util/algorithms.cpp:10:0:
../src/util/algorithms.h:20:10: note: 'char util::to_ascii' previously defined here
     char to_ascii(uint8_t byte);
          ^
../src/util/algorithms.cpp:93:15: error: 'uint8_t' was not declared in this scope
 char to_ascii(uint8_t byte)
               ^
../src/util/algorithms.cpp:100:1: error: expected '}' at end of input
 }
 ^
make: *** [src/util/algorithms.o] Error 1
