16:18:43 **** Build of configuration Debug for project helloworld ****
make -r all 
Building file: ../src/utility_src/algorithms.cpp
Invoking: MCU C++ Compiler
arm-none-eabi-c++ -std=gnu++11 -D__NEWLIB__ -DDEBUG -D__CODE_RED -DCORE_M3 -DCPP_USE_HEAP -D__LPC15XX__ -I"C:\Users\cheri\Desktop\OBD-II\src\Adapter\helloworld\inc" -I"C:\Users\cheri\Desktop\OBD-II\src\Adapter\helloworld\inc\chip_15xx_inc" -I"C:\Users\cheri\Desktop\OBD-II\src\Adapter\helloworld\inc\chip_15xx_inc\usbd" -O0 -fno-common -g3 -Wall -c -fmessage-length=0 -fno-builtin -ffunction-sections -fdata-sections -fno-rtti -fno-exceptions -mcpu=cortex-m3 -mthumb -D__NEWLIB__ -MMD -MP -MF"src/utility_src/algorithms.d" -MT"src/utility_src/algorithms.o" -MT"src/utility_src/algorithms.d" -o "src/utility_src/algorithms.o" "../src/utility_src/algorithms.cpp"
../src/utility_src/algorithms.cpp: In function 'void util::to_lower(util::string&)':
../src/utility_src/algorithms.cpp:22:23: warning: comparison between signed and unsigned integer expressions [-Wsign-compare]
     for (int i = 0; i < str.length(); i++) {
                       ^
../src/utility_src/algorithms.cpp: In function 'void util::to_upper(util::string&)':
../src/utility_src/algorithms.cpp:33:23: warning: comparison between signed and unsigned integer expressions [-Wsign-compare]
     for (int i = 0; i < str.length(); i++) {
                       ^
Finished building: ../src/utility_src/algorithms.cpp
 
Building file: ../src/utility_src/canmsgbuffer.cpp
Invoking: MCU C++ Compiler
arm-none-eabi-c++ -std=gnu++11 -D__NEWLIB__ -DDEBUG -D__CODE_RED -DCORE_M3 -DCPP_USE_HEAP -D__LPC15XX__ -I"C:\Users\cheri\Desktop\OBD-II\src\Adapter\helloworld\inc" -I"C:\Users\cheri\Desktop\OBD-II\src\Adapter\helloworld\inc\chip_15xx_inc" -I"C:\Users\cheri\Desktop\OBD-II\src\Adapter\helloworld\inc\chip_15xx_inc\usbd" -O0 -fno-common -g3 -Wall -c -fmessage-length=0 -fno-builtin -ffunction-sections -fdata-sections -fno-rtti -fno-exceptions -mcpu=cortex-m3 -mthumb -D__NEWLIB__ -MMD -MP -MF"src/utility_src/canmsgbuffer.d" -MT"src/utility_src/canmsgbuffer.o" -MT"src/utility_src/canmsgbuffer.d" -o "src/utility_src/canmsgbuffer.o" "../src/utility_src/canmsgbuffer.cpp"
Finished building: ../src/utility_src/canmsgbuffer.cpp
 
Building file: ../src/utility_src/lstring.cpp
Invoking: MCU C++ Compiler
arm-none-eabi-c++ -std=gnu++11 -D__NEWLIB__ -DDEBUG -D__CODE_RED -DCORE_M3 -DCPP_USE_HEAP -D__LPC15XX__ -I"C:\Users\cheri\Desktop\OBD-II\src\Adapter\helloworld\inc" -I"C:\Users\cheri\Desktop\OBD-II\src\Adapter\helloworld\inc\chip_15xx_inc" -I"C:\Users\cheri\Desktop\OBD-II\src\Adapter\helloworld\inc\chip_15xx_inc\usbd" -O0 -fno-common -g3 -Wall -c -fmessage-length=0 -fno-builtin -ffunction-sections -fdata-sections -fno-rtti -fno-exceptions -mcpu=cortex-m3 -mthumb -D__NEWLIB__ -MMD -MP -MF"src/utility_src/lstring.d" -MT"src/utility_src/lstring.o" -MT"src/utility_src/lstring.d" -o "src/utility_src/lstring.o" "../src/utility_src/lstring.cpp"
Finished building: ../src/utility_src/lstring.cpp
 
Building file: ../src/obd_protocol_src/canhistory.cpp
Invoking: MCU C++ Compiler
arm-none-eabi-c++ -std=gnu++11 -D__NEWLIB__ -DDEBUG -D__CODE_RED -DCORE_M3 -DCPP_USE_HEAP -D__LPC15XX__ -I"C:\Users\cheri\Desktop\OBD-II\src\Adapter\helloworld\inc" -I"C:\Users\cheri\Desktop\OBD-II\src\Adapter\helloworld\inc\chip_15xx_inc" -I"C:\Users\cheri\Desktop\OBD-II\src\Adapter\helloworld\inc\chip_15xx_inc\usbd" -O0 -fno-common -g3 -Wall -c -fmessage-length=0 -fno-builtin -ffunction-sections -fdata-sections -fno-rtti -fno-exceptions -mcpu=cortex-m3 -mthumb -D__NEWLIB__ -MMD -MP -MF"src/obd_protocol_src/canhistory.d" -MT"src/obd_protocol_src/canhistory.o" -MT"src/obd_protocol_src/canhistory.d" -o "src/obd_protocol_src/canhistory.o" "../src/obd_protocol_src/canhistory.cpp"
Finished building: ../src/obd_protocol_src/canhistory.cpp
 
Building file: ../src/obd_protocol_src/isocan.cpp
Invoking: MCU C++ Compiler
arm-none-eabi-c++ -std=gnu++11 -D__NEWLIB__ -DDEBUG -D__CODE_RED -DCORE_M3 -DCPP_USE_HEAP -D__LPC15XX__ -I"C:\Users\cheri\Desktop\OBD-II\src\Adapter\helloworld\inc" -I"C:\Users\cheri\Desktop\OBD-II\src\Adapter\helloworld\inc\chip_15xx_inc" -I"C:\Users\cheri\Desktop\OBD-II\src\Adapter\helloworld\inc\chip_15xx_inc\usbd" -O0 -fno-common -g3 -Wall -c -fmessage-length=0 -fno-builtin -ffunction-sections -fdata-sections -fno-rtti -fno-exceptions -mcpu=cortex-m3 -mthumb -D__NEWLIB__ -MMD -MP -MF"src/obd_protocol_src/isocan.d" -MT"src/obd_protocol_src/isocan.o" -MT"src/obd_protocol_src/isocan.d" -o "src/obd_protocol_src/isocan.o" "../src/obd_protocol_src/isocan.cpp"
Finished building: ../src/obd_protocol_src/isocan.cpp
 
Building file: ../src/obd_protocol_src/isoserial.cpp
Invoking: MCU C++ Compiler
arm-none-eabi-c++ -std=gnu++11 -D__NEWLIB__ -DDEBUG -D__CODE_RED -DCORE_M3 -DCPP_USE_HEAP -D__LPC15XX__ -I"C:\Users\cheri\Desktop\OBD-II\src\Adapter\helloworld\inc" -I"C:\Users\cheri\Desktop\OBD-II\src\Adapter\helloworld\inc\chip_15xx_inc" -I"C:\Users\cheri\Desktop\OBD-II\src\Adapter\helloworld\inc\chip_15xx_inc\usbd" -O0 -fno-common -g3 -Wall -c -fmessage-length=0 -fno-builtin -ffunction-sections -fdata-sections -fno-rtti -fno-exceptions -mcpu=cortex-m3 -mthumb -D__NEWLIB__ -MMD -MP -MF"src/obd_protocol_src/isoserial.d" -MT"src/obd_protocol_src/isoserial.o" -MT"src/obd_protocol_src/isoserial.d" -o "src/obd_protocol_src/isoserial.o" "../src/obd_protocol_src/isoserial.cpp"
Finished building: ../src/obd_protocol_src/isoserial.cpp
 
Building file: ../src/obd_protocol_src/obdprofile.cpp
Invoking: MCU C++ Compiler
arm-none-eabi-c++ -std=gnu++11 -D__NEWLIB__ -DDEBUG -D__CODE_RED -DCORE_M3 -DCPP_USE_HEAP -D__LPC15XX__ -I"C:\Users\cheri\Desktop\OBD-II\src\Adapter\helloworld\inc" -I"C:\Users\cheri\Desktop\OBD-II\src\Adapter\helloworld\inc\chip_15xx_inc" -I"C:\Users\cheri\Desktop\OBD-II\src\Adapter\helloworld\inc\chip_15xx_inc\usbd" -O0 -fno-common -g3 -Wall -c -fmessage-length=0 -fno-builtin -ffunction-sections -fdata-sections -fno-rtti -fno-exceptions -mcpu=cortex-m3 -mthumb -D__NEWLIB__ -MMD -MP -MF"src/obd_protocol_src/obdprofile.d" -MT"src/obd_protocol_src/obdprofile.o" -MT"src/obd_protocol_src/obdprofile.d" -o "src/obd_protocol_src/obdprofile.o" "../src/obd_protocol_src/obdprofile.cpp"
Finished building: ../src/obd_protocol_src/obdprofile.cpp
 
Building file: ../src/obd_protocol_src/padapter.cpp
Invoking: MCU C++ Compiler
arm-none-eabi-c++ -std=gnu++11 -D__NEWLIB__ -DDEBUG -D__CODE_RED -DCORE_M3 -DCPP_USE_HEAP -D__LPC15XX__ -I"C:\Users\cheri\Desktop\OBD-II\src\Adapter\helloworld\inc" -I"C:\Users\cheri\Desktop\OBD-II\src\Adapter\helloworld\inc\chip_15xx_inc" -I"C:\Users\cheri\Desktop\OBD-II\src\Adapter\helloworld\inc\chip_15xx_inc\usbd" -O0 -fno-common -g3 -Wall -c -fmessage-length=0 -fno-builtin -ffunction-sections -fdata-sections -fno-rtti -fno-exceptions -mcpu=cortex-m3 -mthumb -D__NEWLIB__ -MMD -MP -MF"src/obd_protocol_src/padapter.d" -MT"src/obd_protocol_src/padapter.o" -MT"src/obd_protocol_src/padapter.d" -o "src/obd_protocol_src/padapter.o" "../src/obd_protocol_src/padapter.cpp"
../src/obd_protocol_src/padapter.cpp: In static member function 'static void ProtocolAdapter::appendToHistory(const Ecumsg*)':
../src/obd_protocol_src/padapter.cpp:73:34: warning: comparison between signed and unsigned integer expressions [-Wsign-compare]
     if ((historyPos_ + ITEM_LEN) > sizeof(history_)) {
                                  ^
../src/obd_protocol_src/padapter.cpp: In member function 'virtual void ProtocolAdapter::dumpBuffer()':
../src/obd_protocol_src/padapter.cpp:86:23: warning: comparison between signed and unsigned integer expressions [-Wsign-compare]
     for (int i = 0; i < sizeof(history_); i += ITEM_LEN) {
                       ^
Finished building: ../src/obd_protocol_src/padapter.cpp
 
Building file: ../src/obd_protocol_src/pwm.cpp
Invoking: MCU C++ Compiler
arm-none-eabi-c++ -std=gnu++11 -D__NEWLIB__ -DDEBUG -D__CODE_RED -DCORE_M3 -DCPP_USE_HEAP -D__LPC15XX__ -I"C:\Users\cheri\Desktop\OBD-II\src\Adapter\helloworld\inc" -I"C:\Users\cheri\Desktop\OBD-II\src\Adapter\helloworld\inc\chip_15xx_inc" -I"C:\Users\cheri\Desktop\OBD-II\src\Adapter\helloworld\inc\chip_15xx_inc\usbd" -O0 -fno-common -g3 -Wall -c -fmessage-length=0 -fno-builtin -ffunction-sections -fdata-sections -fno-rtti -fno-exceptions -mcpu=cortex-m3 -mthumb -D__NEWLIB__ -MMD -MP -MF"src/obd_protocol_src/pwm.d" -MT"src/obd_protocol_src/pwm.o" -MT"src/obd_protocol_src/pwm.d" -o "src/obd_protocol_src/pwm.o" "../src/obd_protocol_src/pwm.cpp"
Finished building: ../src/obd_protocol_src/pwm.cpp
 
Building file: ../src/obd_protocol_src/vpw.cpp
Invoking: MCU C++ Compiler
arm-none-eabi-c++ -std=gnu++11 -D__NEWLIB__ -DDEBUG -D__CODE_RED -DCORE_M3 -DCPP_USE_HEAP -D__LPC15XX__ -I"C:\Users\cheri\Desktop\OBD-II\src\Adapter\helloworld\inc" -I"C:\Users\cheri\Desktop\OBD-II\src\Adapter\helloworld\inc\chip_15xx_inc" -I"C:\Users\cheri\Desktop\OBD-II\src\Adapter\helloworld\inc\chip_15xx_inc\usbd" -O0 -fno-common -g3 -Wall -c -fmessage-length=0 -fno-builtin -ffunction-sections -fdata-sections -fno-rtti -fno-exceptions -mcpu=cortex-m3 -mthumb -D__NEWLIB__ -MMD -MP -MF"src/obd_protocol_src/vpw.d" -MT"src/obd_protocol_src/vpw.o" -MT"src/obd_protocol_src/vpw.d" -o "src/obd_protocol_src/vpw.o" "../src/obd_protocol_src/vpw.cpp"
Finished building: ../src/obd_protocol_src/vpw.cpp
 
Building file: ../src/driver_src/CanDriverLPC15xx.cpp
Invoking: MCU C++ Compiler
arm-none-eabi-c++ -std=gnu++11 -D__NEWLIB__ -DDEBUG -D__CODE_RED -DCORE_M3 -DCPP_USE_HEAP -D__LPC15XX__ -I"C:\Users\cheri\Desktop\OBD-II\src\Adapter\helloworld\inc" -I"C:\Users\cheri\Desktop\OBD-II\src\Adapter\helloworld\inc\chip_15xx_inc" -I"C:\Users\cheri\Desktop\OBD-II\src\Adapter\helloworld\inc\chip_15xx_inc\usbd" -O0 -fno-common -g3 -Wall -c -fmessage-length=0 -fno-builtin -ffunction-sections -fdata-sections -fno-rtti -fno-exceptions -mcpu=cortex-m3 -mthumb -D__NEWLIB__ -MMD -MP -MF"src/driver_src/CanDriverLPC15xx.d" -MT"src/driver_src/CanDriverLPC15xx.o" -MT"src/driver_src/CanDriverLPC15xx.d" -o "src/driver_src/CanDriverLPC15xx.o" "../src/driver_src/CanDriverLPC15xx.cpp"
../src/driver_src/CanDriverLPC15xx.cpp: In function 'void SetFIFOItem(uint32_t)':
../src/driver_src/CanDriverLPC15xx.cpp:65:20: warning: unused variable 'IFCREQ_BUSY' [-Wunused-variable]
     const uint32_t IFCREQ_BUSY = 0x8000;
                    ^
../src/driver_src/CanDriverLPC15xx.cpp:66:20: warning: unused variable 'CMD_CTRL' [-Wunused-variable]
     const uint32_t CMD_CTRL    = (1 << 4); // 1 is transfer the CTRL bit to the message object, 0 is not
                    ^
../src/driver_src/CanDriverLPC15xx.cpp:67:20: warning: unused variable 'CMD_WR' [-Wunused-variable]
     const uint32_t CMD_WR      = (1 << 7);
                    ^
../src/driver_src/CanDriverLPC15xx.cpp:68:20: warning: unused variable 'DLC_LEN' [-Wunused-variable]
     const uint32_t DLC_LEN     = 8;
                    ^
../src/driver_src/CanDriverLPC15xx.cpp:69:20: warning: unused variable 'RXIE' [-Wunused-variable]
     const uint32_t RXIE        = (1 << 10);
                    ^
../src/driver_src/CanDriverLPC15xx.cpp:70:20: warning: unused variable 'UMASK' [-Wunused-variable]
     const uint32_t UMASK       = (1 << 12);
                    ^
Finished building: ../src/driver_src/CanDriverLPC15xx.cpp
 
Building file: ../src/driver_src/CmdUartLPC15xx.cpp
Invoking: MCU C++ Compiler
arm-none-eabi-c++ -std=gnu++11 -D__NEWLIB__ -DDEBUG -D__CODE_RED -DCORE_M3 -DCPP_USE_HEAP -D__LPC15XX__ -I"C:\Users\cheri\Desktop\OBD-II\src\Adapter\helloworld\inc" -I"C:\Users\cheri\Desktop\OBD-II\src\Adapter\helloworld\inc\chip_15xx_inc" -I"C:\Users\cheri\Desktop\OBD-II\src\Adapter\helloworld\inc\chip_15xx_inc\usbd" -O0 -fno-common -g3 -Wall -c -fmessage-length=0 -fno-builtin -ffunction-sections -fdata-sections -fno-rtti -fno-exceptions -mcpu=cortex-m3 -mthumb -D__NEWLIB__ -MMD -MP -MF"src/driver_src/CmdUartLPC15xx.d" -MT"src/driver_src/CmdUartLPC15xx.o" -MT"src/driver_src/CmdUartLPC15xx.d" -o "src/driver_src/CmdUartLPC15xx.o" "../src/driver_src/CmdUartLPC15xx.cpp"
In file included from ../src/driver_src/CmdUartLPC15xx.cpp:10:0:
C:\Users\cheri\Desktop\OBD-II\src\Adapter\helloworld\inc/driver_inc/UartLPC15xx.h:30:1: warning: "/*" within comment [-Wcomment]
 /**
 ^
C:\Users\cheri\Desktop\OBD-II\src\Adapter\helloworld\inc/driver_inc/UartLPC15xx.h:48:1: warning: "/*" within comment [-Wcomment]
 /**
 ^
C:\Users\cheri\Desktop\OBD-II\src\Adapter\helloworld\inc/driver_inc/UartLPC15xx.h:103:1: warning: "/*" within comment [-Wcomment]
 /**
 ^
Finished building: ../src/driver_src/CmdUartLPC15xx.cpp
 
Building file: ../src/driver_src/EcuUartLPC15xx.cpp
Invoking: MCU C++ Compiler
arm-none-eabi-c++ -std=gnu++11 -D__NEWLIB__ -DDEBUG -D__CODE_RED -DCORE_M3 -DCPP_USE_HEAP -D__LPC15XX__ -I"C:\Users\cheri\Desktop\OBD-II\src\Adapter\helloworld\inc" -I"C:\Users\cheri\Desktop\OBD-II\src\Adapter\helloworld\inc\chip_15xx_inc" -I"C:\Users\cheri\Desktop\OBD-II\src\Adapter\helloworld\inc\chip_15xx_inc\usbd" -O0 -fno-common -g3 -Wall -c -fmessage-length=0 -fno-builtin -ffunction-sections -fdata-sections -fno-rtti -fno-exceptions -mcpu=cortex-m3 -mthumb -D__NEWLIB__ -MMD -MP -MF"src/driver_src/EcuUartLPC15xx.d" -MT"src/driver_src/EcuUartLPC15xx.o" -MT"src/driver_src/EcuUartLPC15xx.d" -o "src/driver_src/EcuUartLPC15xx.o" "../src/driver_src/EcuUartLPC15xx.cpp"
In file included from ../src/driver_src/EcuUartLPC15xx.cpp:10:0:
C:\Users\cheri\Desktop\OBD-II\src\Adapter\helloworld\inc/driver_inc/UartLPC15xx.h:30:1: warning: "/*" within comment [-Wcomment]
 /**
 ^
C:\Users\cheri\Desktop\OBD-II\src\Adapter\helloworld\inc/driver_inc/UartLPC15xx.h:48:1: warning: "/*" within comment [-Wcomment]
 /**
 ^
C:\Users\cheri\Desktop\OBD-II\src\Adapter\helloworld\inc/driver_inc/UartLPC15xx.h:103:1: warning: "/*" within comment [-Wcomment]
 /**
 ^
Finished building: ../src/driver_src/EcuUartLPC15xx.cpp
 
Building file: ../src/driver_src/PwmDriverLPC15xx.cpp
Invoking: MCU C++ Compiler
arm-none-eabi-c++ -std=gnu++11 -D__NEWLIB__ -DDEBUG -D__CODE_RED -DCORE_M3 -DCPP_USE_HEAP -D__LPC15XX__ -I"C:\Users\cheri\Desktop\OBD-II\src\Adapter\helloworld\inc" -I"C:\Users\cheri\Desktop\OBD-II\src\Adapter\helloworld\inc\chip_15xx_inc" -I"C:\Users\cheri\Desktop\OBD-II\src\Adapter\helloworld\inc\chip_15xx_inc\usbd" -O0 -fno-common -g3 -Wall -c -fmessage-length=0 -fno-builtin -ffunction-sections -fdata-sections -fno-rtti -fno-exceptions -mcpu=cortex-m3 -mthumb -D__NEWLIB__ -MMD -MP -MF"src/driver_src/PwmDriverLPC15xx.d" -MT"src/driver_src/PwmDriverLPC15xx.o" -MT"src/driver_src/PwmDriverLPC15xx.d" -o "src/driver_src/PwmDriverLPC15xx.o" "../src/driver_src/PwmDriverLPC15xx.cpp"
Finished building: ../src/driver_src/PwmDriverLPC15xx.cpp
 
Building file: ../src/driver_src/SysutilityLPC15xx.cpp
Invoking: MCU C++ Compiler
arm-none-eabi-c++ -std=gnu++11 -D__NEWLIB__ -DDEBUG -D__CODE_RED -DCORE_M3 -DCPP_USE_HEAP -D__LPC15XX__ -I"C:\Users\cheri\Desktop\OBD-II\src\Adapter\helloworld\inc" -I"C:\Users\cheri\Desktop\OBD-II\src\Adapter\helloworld\inc\chip_15xx_inc" -I"C:\Users\cheri\Desktop\OBD-II\src\Adapter\helloworld\inc\chip_15xx_inc\usbd" -O0 -fno-common -g3 -Wall -c -fmessage-length=0 -fno-builtin -ffunction-sections -fdata-sections -fno-rtti -fno-exceptions -mcpu=cortex-m3 -mthumb -D__NEWLIB__ -MMD -MP -MF"src/driver_src/SysutilityLPC15xx.d" -MT"src/driver_src/SysutilityLPC15xx.o" -MT"src/driver_src/SysutilityLPC15xx.d" -o "src/driver_src/SysutilityLPC15xx.o" "../src/driver_src/SysutilityLPC15xx.cpp"
Finished building: ../src/driver_src/SysutilityLPC15xx.cpp
 
Building file: ../src/driver_src/TimerLPC15xx.cpp
Invoking: MCU C++ Compiler
arm-none-eabi-c++ -std=gnu++11 -D__NEWLIB__ -DDEBUG -D__CODE_RED -DCORE_M3 -DCPP_USE_HEAP -D__LPC15XX__ -I"C:\Users\cheri\Desktop\OBD-II\src\Adapter\helloworld\inc" -I"C:\Users\cheri\Desktop\OBD-II\src\Adapter\helloworld\inc\chip_15xx_inc" -I"C:\Users\cheri\Desktop\OBD-II\src\Adapter\helloworld\inc\chip_15xx_inc\usbd" -O0 -fno-common -g3 -Wall -c -fmessage-length=0 -fno-builtin -ffunction-sections -fdata-sections -fno-rtti -fno-exceptions -mcpu=cortex-m3 -mthumb -D__NEWLIB__ -MMD -MP -MF"src/driver_src/TimerLPC15xx.d" -MT"src/driver_src/TimerLPC15xx.o" -MT"src/driver_src/TimerLPC15xx.d" -o "src/driver_src/TimerLPC15xx.o" "../src/driver_src/TimerLPC15xx.cpp"
../src/driver_src/TimerLPC15xx.cpp: In member function 'void PeriodicTimer::start(uint32_t)':
../src/driver_src/TimerLPC15xx.cpp:151:14: warning: unused variable 'val' [-Wunused-variable]
     uint32_t val = tickDiv * interval;
              ^
Finished building: ../src/driver_src/TimerLPC15xx.cpp
 
Building file: ../src/driver_src/led.cpp
Invoking: MCU C++ Compiler
arm-none-eabi-c++ -std=gnu++11 -D__NEWLIB__ -DDEBUG -D__CODE_RED -DCORE_M3 -DCPP_USE_HEAP -D__LPC15XX__ -I"C:\Users\cheri\Desktop\OBD-II\src\Adapter\helloworld\inc" -I"C:\Users\cheri\Desktop\OBD-II\src\Adapter\helloworld\inc\chip_15xx_inc" -I"C:\Users\cheri\Desktop\OBD-II\src\Adapter\helloworld\inc\chip_15xx_inc\usbd" -O0 -fno-common -g3 -Wall -c -fmessage-length=0 -fno-builtin -ffunction-sections -fdata-sections -fno-rtti -fno-exceptions -mcpu=cortex-m3 -mthumb -D__NEWLIB__ -MMD -MP -MF"src/driver_src/led.d" -MT"src/driver_src/led.o" -MT"src/driver_src/led.d" -o "src/driver_src/led.o" "../src/driver_src/led.cpp"
Finished building: ../src/driver_src/led.cpp
 
Building file: ../src/chip_15xx_src/acmp_15xx.c
Invoking: MCU C Compiler
arm-none-eabi-gcc -D__NEWLIB__ -DDEBUG -D__CODE_RED -DCORE_M3 -DCPP_USE_HEAP -D__LPC15XX__ -I"C:\Users\cheri\Desktop\OBD-II\src\Adapter\helloworld\inc" -I"C:\Users\cheri\Desktop\OBD-II\src\Adapter\helloworld\inc\chip_15xx_inc" -I"C:\Users\cheri\Desktop\OBD-II\src\Adapter\helloworld\inc\chip_15xx_inc\usbd" -O0 -fno-common -g3 -Wall -c -fmessage-length=0 -fno-builtin -ffunction-sections -fdata-sections -mcpu=cortex-m3 -mthumb -MMD -MP -MF"src/chip_15xx_src/acmp_15xx.d" -MT"src/chip_15xx_src/acmp_15xx.o" -MT"src/chip_15xx_src/acmp_15xx.d" -o "src/chip_15xx_src/acmp_15xx.o" "../src/chip_15xx_src/acmp_15xx.c"
Finished building: ../src/chip_15xx_src/acmp_15xx.c
 
Building file: ../src/chip_15xx_src/adc_15xx.c
Invoking: MCU C Compiler
arm-none-eabi-gcc -D__NEWLIB__ -DDEBUG -D__CODE_RED -DCORE_M3 -DCPP_USE_HEAP -D__LPC15XX__ -I"C:\Users\cheri\Desktop\OBD-II\src\Adapter\helloworld\inc" -I"C:\Users\cheri\Desktop\OBD-II\src\Adapter\helloworld\inc\chip_15xx_inc" -I"C:\Users\cheri\Desktop\OBD-II\src\Adapter\helloworld\inc\chip_15xx_inc\usbd" -O0 -fno-common -g3 -Wall -c -fmessage-length=0 -fno-builtin -ffunction-sections -fdata-sections -mcpu=cortex-m3 -mthumb -MMD -MP -MF"src/chip_15xx_src/adc_15xx.d" -MT"src/chip_15xx_src/adc_15xx.o" -MT"src/chip_15xx_src/adc_15xx.d" -o "src/chip_15xx_src/adc_15xx.o" "../src/chip_15xx_src/adc_15xx.c"
Finished building: ../src/chip_15xx_src/adc_15xx.c
 
Building file: ../src/chip_15xx_src/chip_15xx.c
Invoking: MCU C Compiler
arm-none-eabi-gcc -D__NEWLIB__ -DDEBUG -D__CODE_RED -DCORE_M3 -DCPP_USE_HEAP -D__LPC15XX__ -I"C:\Users\cheri\Desktop\OBD-II\src\Adapter\helloworld\inc" -I"C:\Users\cheri\Desktop\OBD-II\src\Adapter\helloworld\inc\chip_15xx_inc" -I"C:\Users\cheri\Desktop\OBD-II\src\Adapter\helloworld\inc\chip_15xx_inc\usbd" -O0 -fno-common -g3 -Wall -c -fmessage-length=0 -fno-builtin -ffunction-sections -fdata-sections -mcpu=cortex-m3 -mthumb -MMD -MP -MF"src/chip_15xx_src/chip_15xx.d" -MT"src/chip_15xx_src/chip_15xx.o" -MT"src/chip_15xx_src/chip_15xx.d" -o "src/chip_15xx_src/chip_15xx.o" "../src/chip_15xx_src/chip_15xx.c"
Finished building: ../src/chip_15xx_src/chip_15xx.c
 
Building file: ../src/chip_15xx_src/clock_15xx.c
Invoking: MCU C Compiler
arm-none-eabi-gcc -D__NEWLIB__ -DDEBUG -D__CODE_RED -DCORE_M3 -DCPP_USE_HEAP -D__LPC15XX__ -I"C:\Users\cheri\Desktop\OBD-II\src\Adapter\helloworld\inc" -I"C:\Users\cheri\Desktop\OBD-II\src\Adapter\helloworld\inc\chip_15xx_inc" -I"C:\Users\cheri\Desktop\OBD-II\src\Adapter\helloworld\inc\chip_15xx_inc\usbd" -O0 -fno-common -g3 -Wall -c -fmessage-length=0 -fno-builtin -ffunction-sections -fdata-sections -mcpu=cortex-m3 -mthumb -MMD -MP -MF"src/chip_15xx_src/clock_15xx.d" -MT"src/chip_15xx_src/clock_15xx.o" -MT"src/chip_15xx_src/clock_15xx.d" -o "src/chip_15xx_src/clock_15xx.o" "../src/chip_15xx_src/clock_15xx.c"
Finished building: ../src/chip_15xx_src/clock_15xx.c
 
Building file: ../src/chip_15xx_src/crc_15xx.c
Invoking: MCU C Compiler
arm-none-eabi-gcc -D__NEWLIB__ -DDEBUG -D__CODE_RED -DCORE_M3 -DCPP_USE_HEAP -D__LPC15XX__ -I"C:\Users\cheri\Desktop\OBD-II\src\Adapter\helloworld\inc" -I"C:\Users\cheri\Desktop\OBD-II\src\Adapter\helloworld\inc\chip_15xx_inc" -I"C:\Users\cheri\Desktop\OBD-II\src\Adapter\helloworld\inc\chip_15xx_inc\usbd" -O0 -fno-common -g3 -Wall -c -fmessage-length=0 -fno-builtin -ffunction-sections -fdata-sections -mcpu=cortex-m3 -mthumb -MMD -MP -MF"src/chip_15xx_src/crc_15xx.d" -MT"src/chip_15xx_src/crc_15xx.o" -MT"src/chip_15xx_src/crc_15xx.d" -o "src/chip_15xx_src/crc_15xx.o" "../src/chip_15xx_src/crc_15xx.c"
Finished building: ../src/chip_15xx_src/crc_15xx.c
 
Building file: ../src/chip_15xx_src/dac_15xx.c
Invoking: MCU C Compiler
arm-none-eabi-gcc -D__NEWLIB__ -DDEBUG -D__CODE_RED -DCORE_M3 -DCPP_USE_HEAP -D__LPC15XX__ -I"C:\Users\cheri\Desktop\OBD-II\src\Adapter\helloworld\inc" -I"C:\Users\cheri\Desktop\OBD-II\src\Adapter\helloworld\inc\chip_15xx_inc" -I"C:\Users\cheri\Desktop\OBD-II\src\Adapter\helloworld\inc\chip_15xx_inc\usbd" -O0 -fno-common -g3 -Wall -c -fmessage-length=0 -fno-builtin -ffunction-sections -fdata-sections -mcpu=cortex-m3 -mthumb -MMD -MP -MF"src/chip_15xx_src/dac_15xx.d" -MT"src/chip_15xx_src/dac_15xx.o" -MT"src/chip_15xx_src/dac_15xx.d" -o "src/chip_15xx_src/dac_15xx.o" "../src/chip_15xx_src/dac_15xx.c"
Finished building: ../src/chip_15xx_src/dac_15xx.c
 
Building file: ../src/chip_15xx_src/dma_15xx.c
Invoking: MCU C Compiler
arm-none-eabi-gcc -D__NEWLIB__ -DDEBUG -D__CODE_RED -DCORE_M3 -DCPP_USE_HEAP -D__LPC15XX__ -I"C:\Users\cheri\Desktop\OBD-II\src\Adapter\helloworld\inc" -I"C:\Users\cheri\Desktop\OBD-II\src\Adapter\helloworld\inc\chip_15xx_inc" -I"C:\Users\cheri\Desktop\OBD-II\src\Adapter\helloworld\inc\chip_15xx_inc\usbd" -O0 -fno-common -g3 -Wall -c -fmessage-length=0 -fno-builtin -ffunction-sections -fdata-sections -mcpu=cortex-m3 -mthumb -MMD -MP -MF"src/chip_15xx_src/dma_15xx.d" -MT"src/chip_15xx_src/dma_15xx.o" -MT"src/chip_15xx_src/dma_15xx.d" -o "src/chip_15xx_src/dma_15xx.o" "../src/chip_15xx_src/dma_15xx.c"
Finished building: ../src/chip_15xx_src/dma_15xx.c
 
Building file: ../src/chip_15xx_src/eeprom.c
Invoking: MCU C Compiler
arm-none-eabi-gcc -D__NEWLIB__ -DDEBUG -D__CODE_RED -DCORE_M3 -DCPP_USE_HEAP -D__LPC15XX__ -I"C:\Users\cheri\Desktop\OBD-II\src\Adapter\helloworld\inc" -I"C:\Users\cheri\Desktop\OBD-II\src\Adapter\helloworld\inc\chip_15xx_inc" -I"C:\Users\cheri\Desktop\OBD-II\src\Adapter\helloworld\inc\chip_15xx_inc\usbd" -O0 -fno-common -g3 -Wall -c -fmessage-length=0 -fno-builtin -ffunction-sections -fdata-sections -mcpu=cortex-m3 -mthumb -MMD -MP -MF"src/chip_15xx_src/eeprom.d" -MT"src/chip_15xx_src/eeprom.o" -MT"src/chip_15xx_src/eeprom.d" -o "src/chip_15xx_src/eeprom.o" "../src/chip_15xx_src/eeprom.c"
../src/chip_15xx_src/eeprom.c: In function 'Chip_EEPROM_Write':
../src/chip_15xx_src/eeprom.c:61:2: warning: implicit declaration of function 'iap_entry' [-Wimplicit-function-declaration]
  iap_entry(command, result);
  ^
Finished building: ../src/chip_15xx_src/eeprom.c
 
Building file: ../src/chip_15xx_src/gpio_15xx.c
Invoking: MCU C Compiler
arm-none-eabi-gcc -D__NEWLIB__ -DDEBUG -D__CODE_RED -DCORE_M3 -DCPP_USE_HEAP -D__LPC15XX__ -I"C:\Users\cheri\Desktop\OBD-II\src\Adapter\helloworld\inc" -I"C:\Users\cheri\Desktop\OBD-II\src\Adapter\helloworld\inc\chip_15xx_inc" -I"C:\Users\cheri\Desktop\OBD-II\src\Adapter\helloworld\inc\chip_15xx_inc\usbd" -O0 -fno-common -g3 -Wall -c -fmessage-length=0 -fno-builtin -ffunction-sections -fdata-sections -mcpu=cortex-m3 -mthumb -MMD -MP -MF"src/chip_15xx_src/gpio_15xx.d" -MT"src/chip_15xx_src/gpio_15xx.o" -MT"src/chip_15xx_src/gpio_15xx.d" -o "src/chip_15xx_src/gpio_15xx.o" "../src/chip_15xx_src/gpio_15xx.c"
Finished building: ../src/chip_15xx_src/gpio_15xx.c
 
Building file: ../src/chip_15xx_src/i2c_common_15xx.c
Invoking: MCU C Compiler
arm-none-eabi-gcc -D__NEWLIB__ -DDEBUG -D__CODE_RED -DCORE_M3 -DCPP_USE_HEAP -D__LPC15XX__ -I"C:\Users\cheri\Desktop\OBD-II\src\Adapter\helloworld\inc" -I"C:\Users\cheri\Desktop\OBD-II\src\Adapter\helloworld\inc\chip_15xx_inc" -I"C:\Users\cheri\Desktop\OBD-II\src\Adapter\helloworld\inc\chip_15xx_inc\usbd" -O0 -fno-common -g3 -Wall -c -fmessage-length=0 -fno-builtin -ffunction-sections -fdata-sections -mcpu=cortex-m3 -mthumb -MMD -MP -MF"src/chip_15xx_src/i2c_common_15xx.d" -MT"src/chip_15xx_src/i2c_common_15xx.o" -MT"src/chip_15xx_src/i2c_common_15xx.d" -o "src/chip_15xx_src/i2c_common_15xx.o" "../src/chip_15xx_src/i2c_common_15xx.c"
Finished building: ../src/chip_15xx_src/i2c_common_15xx.c
 
Building file: ../src/chip_15xx_src/i2cm_15xx.c
Invoking: MCU C Compiler
arm-none-eabi-gcc -D__NEWLIB__ -DDEBUG -D__CODE_RED -DCORE_M3 -DCPP_USE_HEAP -D__LPC15XX__ -I"C:\Users\cheri\Desktop\OBD-II\src\Adapter\helloworld\inc" -I"C:\Users\cheri\Desktop\OBD-II\src\Adapter\helloworld\inc\chip_15xx_inc" -I"C:\Users\cheri\Desktop\OBD-II\src\Adapter\helloworld\inc\chip_15xx_inc\usbd" -O0 -fno-common -g3 -Wall -c -fmessage-length=0 -fno-builtin -ffunction-sections -fdata-sections -mcpu=cortex-m3 -mthumb -MMD -MP -MF"src/chip_15xx_src/i2cm_15xx.d" -MT"src/chip_15xx_src/i2cm_15xx.o" -MT"src/chip_15xx_src/i2cm_15xx.d" -o "src/chip_15xx_src/i2cm_15xx.o" "../src/chip_15xx_src/i2cm_15xx.c"
Finished building: ../src/chip_15xx_src/i2cm_15xx.c
 
Building file: ../src/chip_15xx_src/i2cs_15xx.c
Invoking: MCU C Compiler
arm-none-eabi-gcc -D__NEWLIB__ -DDEBUG -D__CODE_RED -DCORE_M3 -DCPP_USE_HEAP -D__LPC15XX__ -I"C:\Users\cheri\Desktop\OBD-II\src\Adapter\helloworld\inc" -I"C:\Users\cheri\Desktop\OBD-II\src\Adapter\helloworld\inc\chip_15xx_inc" -I"C:\Users\cheri\Desktop\OBD-II\src\Adapter\helloworld\inc\chip_15xx_inc\usbd" -O0 -fno-common -g3 -Wall -c -fmessage-length=0 -fno-builtin -ffunction-sections -fdata-sections -mcpu=cortex-m3 -mthumb -MMD -MP -MF"src/chip_15xx_src/i2cs_15xx.d" -MT"src/chip_15xx_src/i2cs_15xx.o" -MT"src/chip_15xx_src/i2cs_15xx.d" -o "src/chip_15xx_src/i2cs_15xx.o" "../src/chip_15xx_src/i2cs_15xx.c"
Finished building: ../src/chip_15xx_src/i2cs_15xx.c
 
Building file: ../src/chip_15xx_src/iap.c
Invoking: MCU C Compiler
arm-none-eabi-gcc -D__NEWLIB__ -DDEBUG -D__CODE_RED -DCORE_M3 -DCPP_USE_HEAP -D__LPC15XX__ -I"C:\Users\cheri\Desktop\OBD-II\src\Adapter\helloworld\inc" -I"C:\Users\cheri\Desktop\OBD-II\src\Adapter\helloworld\inc\chip_15xx_inc" -I"C:\Users\cheri\Desktop\OBD-II\src\Adapter\helloworld\inc\chip_15xx_inc\usbd" -O0 -fno-common -g3 -Wall -c -fmessage-length=0 -fno-builtin -ffunction-sections -fdata-sections -mcpu=cortex-m3 -mthumb -MMD -MP -MF"src/chip_15xx_src/iap.d" -MT"src/chip_15xx_src/iap.o" -MT"src/chip_15xx_src/iap.d" -o "src/chip_15xx_src/iap.o" "../src/chip_15xx_src/iap.c"
../src/chip_15xx_src/iap.c: In function 'Chip_IAP_PreSectorForReadWrite':
../src/chip_15xx_src/iap.c:58:2: warning: implicit declaration of function 'iap_entry' [-Wimplicit-function-declaration]
  iap_entry(command, result);
  ^
Finished building: ../src/chip_15xx_src/iap.c
 
Building file: ../src/chip_15xx_src/iocon_15xx.c
Invoking: MCU C Compiler
arm-none-eabi-gcc -D__NEWLIB__ -DDEBUG -D__CODE_RED -DCORE_M3 -DCPP_USE_HEAP -D__LPC15XX__ -I"C:\Users\cheri\Desktop\OBD-II\src\Adapter\helloworld\inc" -I"C:\Users\cheri\Desktop\OBD-II\src\Adapter\helloworld\inc\chip_15xx_inc" -I"C:\Users\cheri\Desktop\OBD-II\src\Adapter\helloworld\inc\chip_15xx_inc\usbd" -O0 -fno-common -g3 -Wall -c -fmessage-length=0 -fno-builtin -ffunction-sections -fdata-sections -mcpu=cortex-m3 -mthumb -MMD -MP -MF"src/chip_15xx_src/iocon_15xx.d" -MT"src/chip_15xx_src/iocon_15xx.o" -MT"src/chip_15xx_src/iocon_15xx.d" -o "src/chip_15xx_src/iocon_15xx.o" "../src/chip_15xx_src/iocon_15xx.c"
Finished building: ../src/chip_15xx_src/iocon_15xx.c
 
Building file: ../src/chip_15xx_src/pinint_15xx.c
Invoking: MCU C Compiler
arm-none-eabi-gcc -D__NEWLIB__ -DDEBUG -D__CODE_RED -DCORE_M3 -DCPP_USE_HEAP -D__LPC15XX__ -I"C:\Users\cheri\Desktop\OBD-II\src\Adapter\helloworld\inc" -I"C:\Users\cheri\Desktop\OBD-II\src\Adapter\helloworld\inc\chip_15xx_inc" -I"C:\Users\cheri\Desktop\OBD-II\src\Adapter\helloworld\inc\chip_15xx_inc\usbd" -O0 -fno-common -g3 -Wall -c -fmessage-length=0 -fno-builtin -ffunction-sections -fdata-sections -mcpu=cortex-m3 -mthumb -MMD -MP -MF"src/chip_15xx_src/pinint_15xx.d" -MT"src/chip_15xx_src/pinint_15xx.o" -MT"src/chip_15xx_src/pinint_15xx.d" -o "src/chip_15xx_src/pinint_15xx.o" "../src/chip_15xx_src/pinint_15xx.c"
Finished building: ../src/chip_15xx_src/pinint_15xx.c
 
Building file: ../src/chip_15xx_src/pmu_15xx.c
Invoking: MCU C Compiler
arm-none-eabi-gcc -D__NEWLIB__ -DDEBUG -D__CODE_RED -DCORE_M3 -DCPP_USE_HEAP -D__LPC15XX__ -I"C:\Users\cheri\Desktop\OBD-II\src\Adapter\helloworld\inc" -I"C:\Users\cheri\Desktop\OBD-II\src\Adapter\helloworld\inc\chip_15xx_inc" -I"C:\Users\cheri\Desktop\OBD-II\src\Adapter\helloworld\inc\chip_15xx_inc\usbd" -O0 -fno-common -g3 -Wall -c -fmessage-length=0 -fno-builtin -ffunction-sections -fdata-sections -mcpu=cortex-m3 -mthumb -MMD -MP -MF"src/chip_15xx_src/pmu_15xx.d" -MT"src/chip_15xx_src/pmu_15xx.o" -MT"src/chip_15xx_src/pmu_15xx.d" -o "src/chip_15xx_src/pmu_15xx.o" "../src/chip_15xx_src/pmu_15xx.c"
Finished building: ../src/chip_15xx_src/pmu_15xx.c
 
Building file: ../src/chip_15xx_src/ring_buffer.c
Invoking: MCU C Compiler
arm-none-eabi-gcc -D__NEWLIB__ -DDEBUG -D__CODE_RED -DCORE_M3 -DCPP_USE_HEAP -D__LPC15XX__ -I"C:\Users\cheri\Desktop\OBD-II\src\Adapter\helloworld\inc" -I"C:\Users\cheri\Desktop\OBD-II\src\Adapter\helloworld\inc\chip_15xx_inc" -I"C:\Users\cheri\Desktop\OBD-II\src\Adapter\helloworld\inc\chip_15xx_inc\usbd" -O0 -fno-common -g3 -Wall -c -fmessage-length=0 -fno-builtin -ffunction-sections -fdata-sections -mcpu=cortex-m3 -mthumb -MMD -MP -MF"src/chip_15xx_src/ring_buffer.d" -MT"src/chip_15xx_src/ring_buffer.o" -MT"src/chip_15xx_src/ring_buffer.d" -o "src/chip_15xx_src/ring_buffer.o" "../src/chip_15xx_src/ring_buffer.c"
Finished building: ../src/chip_15xx_src/ring_buffer.c
 
Building file: ../src/chip_15xx_src/ritimer_15xx.c
Invoking: MCU C Compiler
arm-none-eabi-gcc -D__NEWLIB__ -DDEBUG -D__CODE_RED -DCORE_M3 -DCPP_USE_HEAP -D__LPC15XX__ -I"C:\Users\cheri\Desktop\OBD-II\src\Adapter\helloworld\inc" -I"C:\Users\cheri\Desktop\OBD-II\src\Adapter\helloworld\inc\chip_15xx_inc" -I"C:\Users\cheri\Desktop\OBD-II\src\Adapter\helloworld\inc\chip_15xx_inc\usbd" -O0 -fno-common -g3 -Wall -c -fmessage-length=0 -fno-builtin -ffunction-sections -fdata-sections -mcpu=cortex-m3 -mthumb -MMD -MP -MF"src/chip_15xx_src/ritimer_15xx.d" -MT"src/chip_15xx_src/ritimer_15xx.o" -MT"src/chip_15xx_src/ritimer_15xx.d" -o "src/chip_15xx_src/ritimer_15xx.o" "../src/chip_15xx_src/ritimer_15xx.c"
Finished building: ../src/chip_15xx_src/ritimer_15xx.c
 
Building file: ../src/chip_15xx_src/rtc_15xx.c
Invoking: MCU C Compiler
arm-none-eabi-gcc -D__NEWLIB__ -DDEBUG -D__CODE_RED -DCORE_M3 -DCPP_USE_HEAP -D__LPC15XX__ -I"C:\Users\cheri\Desktop\OBD-II\src\Adapter\helloworld\inc" -I"C:\Users\cheri\Desktop\OBD-II\src\Adapter\helloworld\inc\chip_15xx_inc" -I"C:\Users\cheri\Desktop\OBD-II\src\Adapter\helloworld\inc\chip_15xx_inc\usbd" -O0 -fno-common -g3 -Wall -c -fmessage-length=0 -fno-builtin -ffunction-sections -fdata-sections -mcpu=cortex-m3 -mthumb -MMD -MP -MF"src/chip_15xx_src/rtc_15xx.d" -MT"src/chip_15xx_src/rtc_15xx.o" -MT"src/chip_15xx_src/rtc_15xx.d" -o "src/chip_15xx_src/rtc_15xx.o" "../src/chip_15xx_src/rtc_15xx.c"
Finished building: ../src/chip_15xx_src/rtc_15xx.c
 
Building file: ../src/chip_15xx_src/sct_15xx.c
Invoking: MCU C Compiler
arm-none-eabi-gcc -D__NEWLIB__ -DDEBUG -D__CODE_RED -DCORE_M3 -DCPP_USE_HEAP -D__LPC15XX__ -I"C:\Users\cheri\Desktop\OBD-II\src\Adapter\helloworld\inc" -I"C:\Users\cheri\Desktop\OBD-II\src\Adapter\helloworld\inc\chip_15xx_inc" -I"C:\Users\cheri\Desktop\OBD-II\src\Adapter\helloworld\inc\chip_15xx_inc\usbd" -O0 -fno-common -g3 -Wall -c -fmessage-length=0 -fno-builtin -ffunction-sections -fdata-sections -mcpu=cortex-m3 -mthumb -MMD -MP -MF"src/chip_15xx_src/sct_15xx.d" -MT"src/chip_15xx_src/sct_15xx.o" -MT"src/chip_15xx_src/sct_15xx.d" -o "src/chip_15xx_src/sct_15xx.o" "../src/chip_15xx_src/sct_15xx.c"
Finished building: ../src/chip_15xx_src/sct_15xx.c
 
Building file: ../src/chip_15xx_src/sct_pwm_15xx.c
Invoking: MCU C Compiler
arm-none-eabi-gcc -D__NEWLIB__ -DDEBUG -D__CODE_RED -DCORE_M3 -DCPP_USE_HEAP -D__LPC15XX__ -I"C:\Users\cheri\Desktop\OBD-II\src\Adapter\helloworld\inc" -I"C:\Users\cheri\Desktop\OBD-II\src\Adapter\helloworld\inc\chip_15xx_inc" -I"C:\Users\cheri\Desktop\OBD-II\src\Adapter\helloworld\inc\chip_15xx_inc\usbd" -O0 -fno-common -g3 -Wall -c -fmessage-length=0 -fno-builtin -ffunction-sections -fdata-sections -mcpu=cortex-m3 -mthumb -MMD -MP -MF"src/chip_15xx_src/sct_pwm_15xx.d" -MT"src/chip_15xx_src/sct_pwm_15xx.o" -MT"src/chip_15xx_src/sct_pwm_15xx.d" -o "src/chip_15xx_src/sct_pwm_15xx.o" "../src/chip_15xx_src/sct_pwm_15xx.c"
Finished building: ../src/chip_15xx_src/sct_pwm_15xx.c
 
Building file: ../src/chip_15xx_src/sctipu_15xx.c
Invoking: MCU C Compiler
arm-none-eabi-gcc -D__NEWLIB__ -DDEBUG -D__CODE_RED -DCORE_M3 -DCPP_USE_HEAP -D__LPC15XX__ -I"C:\Users\cheri\Desktop\OBD-II\src\Adapter\helloworld\inc" -I"C:\Users\cheri\Desktop\OBD-II\src\Adapter\helloworld\inc\chip_15xx_inc" -I"C:\Users\cheri\Desktop\OBD-II\src\Adapter\helloworld\inc\chip_15xx_inc\usbd" -O0 -fno-common -g3 -Wall -c -fmessage-length=0 -fno-builtin -ffunction-sections -fdata-sections -mcpu=cortex-m3 -mthumb -MMD -MP -MF"src/chip_15xx_src/sctipu_15xx.d" -MT"src/chip_15xx_src/sctipu_15xx.o" -MT"src/chip_15xx_src/sctipu_15xx.d" -o "src/chip_15xx_src/sctipu_15xx.o" "../src/chip_15xx_src/sctipu_15xx.c"
Finished building: ../src/chip_15xx_src/sctipu_15xx.c
 
Building file: ../src/chip_15xx_src/spi_15xx.c
Invoking: MCU C Compiler
arm-none-eabi-gcc -D__NEWLIB__ -DDEBUG -D__CODE_RED -DCORE_M3 -DCPP_USE_HEAP -D__LPC15XX__ -I"C:\Users\cheri\Desktop\OBD-II\src\Adapter\helloworld\inc" -I"C:\Users\cheri\Desktop\OBD-II\src\Adapter\helloworld\inc\chip_15xx_inc" -I"C:\Users\cheri\Desktop\OBD-II\src\Adapter\helloworld\inc\chip_15xx_inc\usbd" -O0 -fno-common -g3 -Wall -c -fmessage-length=0 -fno-builtin -ffunction-sections -fdata-sections -mcpu=cortex-m3 -mthumb -MMD -MP -MF"src/chip_15xx_src/spi_15xx.d" -MT"src/chip_15xx_src/spi_15xx.o" -MT"src/chip_15xx_src/spi_15xx.d" -o "src/chip_15xx_src/spi_15xx.o" "../src/chip_15xx_src/spi_15xx.c"
Finished building: ../src/chip_15xx_src/spi_15xx.c
 
Building file: ../src/chip_15xx_src/stopwatch_15xx.c
Invoking: MCU C Compiler
arm-none-eabi-gcc -D__NEWLIB__ -DDEBUG -D__CODE_RED -DCORE_M3 -DCPP_USE_HEAP -D__LPC15XX__ -I"C:\Users\cheri\Desktop\OBD-II\src\Adapter\helloworld\inc" -I"C:\Users\cheri\Desktop\OBD-II\src\Adapter\helloworld\inc\chip_15xx_inc" -I"C:\Users\cheri\Desktop\OBD-II\src\Adapter\helloworld\inc\chip_15xx_inc\usbd" -O0 -fno-common -g3 -Wall -c -fmessage-length=0 -fno-builtin -ffunction-sections -fdata-sections -mcpu=cortex-m3 -mthumb -MMD -MP -MF"src/chip_15xx_src/stopwatch_15xx.d" -MT"src/chip_15xx_src/stopwatch_15xx.o" -MT"src/chip_15xx_src/stopwatch_15xx.d" -o "src/chip_15xx_src/stopwatch_15xx.o" "../src/chip_15xx_src/stopwatch_15xx.c"
Finished building: ../src/chip_15xx_src/stopwatch_15xx.c
 
Building file: ../src/chip_15xx_src/swm_15xx.c
Invoking: MCU C Compiler
arm-none-eabi-gcc -D__NEWLIB__ -DDEBUG -D__CODE_RED -DCORE_M3 -DCPP_USE_HEAP -D__LPC15XX__ -I"C:\Users\cheri\Desktop\OBD-II\src\Adapter\helloworld\inc" -I"C:\Users\cheri\Desktop\OBD-II\src\Adapter\helloworld\inc\chip_15xx_inc" -I"C:\Users\cheri\Desktop\OBD-II\src\Adapter\helloworld\inc\chip_15xx_inc\usbd" -O0 -fno-common -g3 -Wall -c -fmessage-length=0 -fno-builtin -ffunction-sections -fdata-sections -mcpu=cortex-m3 -mthumb -MMD -MP -MF"src/chip_15xx_src/swm_15xx.d" -MT"src/chip_15xx_src/swm_15xx.o" -MT"src/chip_15xx_src/swm_15xx.d" -o "src/chip_15xx_src/swm_15xx.o" "../src/chip_15xx_src/swm_15xx.c"
Finished building: ../src/chip_15xx_src/swm_15xx.c
 
Building file: ../src/chip_15xx_src/sysctl_15xx.c
Invoking: MCU C Compiler
arm-none-eabi-gcc -D__NEWLIB__ -DDEBUG -D__CODE_RED -DCORE_M3 -DCPP_USE_HEAP -D__LPC15XX__ -I"C:\Users\cheri\Desktop\OBD-II\src\Adapter\helloworld\inc" -I"C:\Users\cheri\Desktop\OBD-II\src\Adapter\helloworld\inc\chip_15xx_inc" -I"C:\Users\cheri\Desktop\OBD-II\src\Adapter\helloworld\inc\chip_15xx_inc\usbd" -O0 -fno-common -g3 -Wall -c -fmessage-length=0 -fno-builtin -ffunction-sections -fdata-sections -mcpu=cortex-m3 -mthumb -MMD -MP -MF"src/chip_15xx_src/sysctl_15xx.d" -MT"src/chip_15xx_src/sysctl_15xx.o" -MT"src/chip_15xx_src/sysctl_15xx.d" -o "src/chip_15xx_src/sysctl_15xx.o" "../src/chip_15xx_src/sysctl_15xx.c"
Finished building: ../src/chip_15xx_src/sysctl_15xx.c
 
Building file: ../src/chip_15xx_src/sysinit_15xx.c
Invoking: MCU C Compiler
arm-none-eabi-gcc -D__NEWLIB__ -DDEBUG -D__CODE_RED -DCORE_M3 -DCPP_USE_HEAP -D__LPC15XX__ -I"C:\Users\cheri\Desktop\OBD-II\src\Adapter\helloworld\inc" -I"C:\Users\cheri\Desktop\OBD-II\src\Adapter\helloworld\inc\chip_15xx_inc" -I"C:\Users\cheri\Desktop\OBD-II\src\Adapter\helloworld\inc\chip_15xx_inc\usbd" -O0 -fno-common -g3 -Wall -c -fmessage-length=0 -fno-builtin -ffunction-sections -fdata-sections -mcpu=cortex-m3 -mthumb -MMD -MP -MF"src/chip_15xx_src/sysinit_15xx.d" -MT"src/chip_15xx_src/sysinit_15xx.o" -MT"src/chip_15xx_src/sysinit_15xx.d" -o "src/chip_15xx_src/sysinit_15xx.o" "../src/chip_15xx_src/sysinit_15xx.c"
Finished building: ../src/chip_15xx_src/sysinit_15xx.c
 
Building file: ../src/chip_15xx_src/uart_15xx.c
Invoking: MCU C Compiler
arm-none-eabi-gcc -D__NEWLIB__ -DDEBUG -D__CODE_RED -DCORE_M3 -DCPP_USE_HEAP -D__LPC15XX__ -I"C:\Users\cheri\Desktop\OBD-II\src\Adapter\helloworld\inc" -I"C:\Users\cheri\Desktop\OBD-II\src\Adapter\helloworld\inc\chip_15xx_inc" -I"C:\Users\cheri\Desktop\OBD-II\src\Adapter\helloworld\inc\chip_15xx_inc\usbd" -O0 -fno-common -g3 -Wall -c -fmessage-length=0 -fno-builtin -ffunction-sections -fdata-sections -mcpu=cortex-m3 -mthumb -MMD -MP -MF"src/chip_15xx_src/uart_15xx.d" -MT"src/chip_15xx_src/uart_15xx.o" -MT"src/chip_15xx_src/uart_15xx.d" -o "src/chip_15xx_src/uart_15xx.o" "../src/chip_15xx_src/uart_15xx.c"
Finished building: ../src/chip_15xx_src/uart_15xx.c
 
Building file: ../src/chip_15xx_src/wwdt_15xx.c
Invoking: MCU C Compiler
arm-none-eabi-gcc -D__NEWLIB__ -DDEBUG -D__CODE_RED -DCORE_M3 -DCPP_USE_HEAP -D__LPC15XX__ -I"C:\Users\cheri\Desktop\OBD-II\src\Adapter\helloworld\inc" -I"C:\Users\cheri\Desktop\OBD-II\src\Adapter\helloworld\inc\chip_15xx_inc" -I"C:\Users\cheri\Desktop\OBD-II\src\Adapter\helloworld\inc\chip_15xx_inc\usbd" -O0 -fno-common -g3 -Wall -c -fmessage-length=0 -fno-builtin -ffunction-sections -fdata-sections -mcpu=cortex-m3 -mthumb -MMD -MP -MF"src/chip_15xx_src/wwdt_15xx.d" -MT"src/chip_15xx_src/wwdt_15xx.o" -MT"src/chip_15xx_src/wwdt_15xx.d" -o "src/chip_15xx_src/wwdt_15xx.o" "../src/chip_15xx_src/wwdt_15xx.c"
Finished building: ../src/chip_15xx_src/wwdt_15xx.c
 
Building file: ../src/adapter/adapterconfig.cpp
Invoking: MCU C++ Compiler
arm-none-eabi-c++ -std=gnu++11 -D__NEWLIB__ -DDEBUG -D__CODE_RED -DCORE_M3 -DCPP_USE_HEAP -D__LPC15XX__ -I"C:\Users\cheri\Desktop\OBD-II\src\Adapter\helloworld\inc" -I"C:\Users\cheri\Desktop\OBD-II\src\Adapter\helloworld\inc\chip_15xx_inc" -I"C:\Users\cheri\Desktop\OBD-II\src\Adapter\helloworld\inc\chip_15xx_inc\usbd" -O0 -fno-common -g3 -Wall -c -fmessage-length=0 -fno-builtin -ffunction-sections -fdata-sections -fno-rtti -fno-exceptions -mcpu=cortex-m3 -mthumb -D__NEWLIB__ -MMD -MP -MF"src/adapter/adapterconfig.d" -MT"src/adapter/adapterconfig.o" -MT"src/adapter/adapterconfig.d" -o "src/adapter/adapterconfig.o" "../src/adapter/adapterconfig.cpp"
Finished building: ../src/adapter/adapterconfig.cpp
 
Building file: ../src/adapter/autoadapter.cpp
Invoking: MCU C++ Compiler
arm-none-eabi-c++ -std=gnu++11 -D__NEWLIB__ -DDEBUG -D__CODE_RED -DCORE_M3 -DCPP_USE_HEAP -D__LPC15XX__ -I"C:\Users\cheri\Desktop\OBD-II\src\Adapter\helloworld\inc" -I"C:\Users\cheri\Desktop\OBD-II\src\Adapter\helloworld\inc\chip_15xx_inc" -I"C:\Users\cheri\Desktop\OBD-II\src\Adapter\helloworld\inc\chip_15xx_inc\usbd" -O0 -fno-common -g3 -Wall -c -fmessage-length=0 -fno-builtin -ffunction-sections -fdata-sections -fno-rtti -fno-exceptions -mcpu=cortex-m3 -mthumb -D__NEWLIB__ -MMD -MP -MF"src/adapter/autoadapter.d" -MT"src/adapter/autoadapter.o" -MT"src/adapter/autoadapter.d" -o "src/adapter/autoadapter.o" "../src/adapter/autoadapter.cpp"
Finished building: ../src/adapter/autoadapter.cpp
 
Building file: ../src/adapter/dispatcher.cpp
Invoking: MCU C++ Compiler
arm-none-eabi-c++ -std=gnu++11 -D__NEWLIB__ -DDEBUG -D__CODE_RED -DCORE_M3 -DCPP_USE_HEAP -D__LPC15XX__ -I"C:\Users\cheri\Desktop\OBD-II\src\Adapter\helloworld\inc" -I"C:\Users\cheri\Desktop\OBD-II\src\Adapter\helloworld\inc\chip_15xx_inc" -I"C:\Users\cheri\Desktop\OBD-II\src\Adapter\helloworld\inc\chip_15xx_inc\usbd" -O0 -fno-common -g3 -Wall -c -fmessage-length=0 -fno-builtin -ffunction-sections -fdata-sections -fno-rtti -fno-exceptions -mcpu=cortex-m3 -mthumb -D__NEWLIB__ -MMD -MP -MF"src/adapter/dispatcher.d" -MT"src/adapter/dispatcher.o" -MT"src/adapter/dispatcher.d" -o "src/adapter/dispatcher.o" "../src/adapter/dispatcher.cpp"
../src/adapter/dispatcher.cpp: In function 'void OnReadVoltage(const util::string&, int)':
../src/adapter/dispatcher.cpp:254:20: warning: unused variable 'actualVoltage' [-Wunused-variable]
     const uint32_t actualVoltage = 1212;
                    ^
../src/adapter/dispatcher.cpp:255:20: warning: unused variable 'adcDivdr' [-Wunused-variable]
     const uint32_t adcDivdr = 0x0A54;
                    ^
../src/adapter/dispatcher.cpp: In function 'bool DispatchATCmd(const util::string&, int, int)':
../src/adapter/dispatcher.cpp:460:42: warning: comparison between signed and unsigned integer expressions [-Wsign-compare]
     if (type == 1 && (cmdString.length() > (numOfChar + 2)))
                                          ^
../src/adapter/dispatcher.cpp:463:23: warning: comparison between signed and unsigned integer expressions [-Wsign-compare]
     for (int i = 0; i < sizeof(dispatchTbl)/sizeof(dispatchTbl[0]); i++) {
                       ^
Finished building: ../src/adapter/dispatcher.cpp
 
Building file: ../src/adapter/ecumsg.cpp
Invoking: MCU C++ Compiler
arm-none-eabi-c++ -std=gnu++11 -D__NEWLIB__ -DDEBUG -D__CODE_RED -DCORE_M3 -DCPP_USE_HEAP -D__LPC15XX__ -I"C:\Users\cheri\Desktop\OBD-II\src\Adapter\helloworld\inc" -I"C:\Users\cheri\Desktop\OBD-II\src\Adapter\helloworld\inc\chip_15xx_inc" -I"C:\Users\cheri\Desktop\OBD-II\src\Adapter\helloworld\inc\chip_15xx_inc\usbd" -O0 -fno-common -g3 -Wall -c -fmessage-length=0 -fno-builtin -ffunction-sections -fdata-sections -fno-rtti -fno-exceptions -mcpu=cortex-m3 -mthumb -D__NEWLIB__ -MMD -MP -MF"src/adapter/ecumsg.d" -MT"src/adapter/ecumsg.o" -MT"src/adapter/ecumsg.d" -o "src/adapter/ecumsg.o" "../src/adapter/ecumsg.cpp"
Finished building: ../src/adapter/ecumsg.cpp
 
Building file: ../src/adapter/functions.cpp
Invoking: MCU C++ Compiler
arm-none-eabi-c++ -std=gnu++11 -D__NEWLIB__ -DDEBUG -D__CODE_RED -DCORE_M3 -DCPP_USE_HEAP -D__LPC15XX__ -I"C:\Users\cheri\Desktop\OBD-II\src\Adapter\helloworld\inc" -I"C:\Users\cheri\Desktop\OBD-II\src\Adapter\helloworld\inc\chip_15xx_inc" -I"C:\Users\cheri\Desktop\OBD-II\src\Adapter\helloworld\inc\chip_15xx_inc\usbd" -O0 -fno-common -g3 -Wall -c -fmessage-length=0 -fno-builtin -ffunction-sections -fdata-sections -fno-rtti -fno-exceptions -mcpu=cortex-m3 -mthumb -D__NEWLIB__ -MMD -MP -MF"src/adapter/functions.d" -MT"src/adapter/functions.o" -MT"src/adapter/functions.d" -o "src/adapter/functions.o" "../src/adapter/functions.cpp"
../src/adapter/functions.cpp: In function 'void to_ascii(const uint8_t*, uint32_t, util::string&)':
../src/adapter/functions.cpp:138:23: warning: comparison between signed and unsigned integer expressions [-Wsign-compare]
     for (int i = 0; i < length; i++) {
                       ^
Finished building: ../src/adapter/functions.cpp
 
Building file: ../src/cr_cpp_config.cpp
Invoking: MCU C++ Compiler
arm-none-eabi-c++ -std=gnu++11 -D__NEWLIB__ -DDEBUG -D__CODE_RED -DCORE_M3 -DCPP_USE_HEAP -D__LPC15XX__ -I"C:\Users\cheri\Desktop\OBD-II\src\Adapter\helloworld\inc" -I"C:\Users\cheri\Desktop\OBD-II\src\Adapter\helloworld\inc\chip_15xx_inc" -I"C:\Users\cheri\Desktop\OBD-II\src\Adapter\helloworld\inc\chip_15xx_inc\usbd" -O0 -fno-common -g3 -Wall -c -fmessage-length=0 -fno-builtin -ffunction-sections -fdata-sections -fno-rtti -fno-exceptions -mcpu=cortex-m3 -mthumb -D__NEWLIB__ -MMD -MP -MF"src/cr_cpp_config.d" -MT"src/cr_cpp_config.o" -MT"src/cr_cpp_config.d" -o "src/cr_cpp_config.o" "../src/cr_cpp_config.cpp"
Finished building: ../src/cr_cpp_config.cpp
 
Building file: ../src/cr_startup_lpc15xx.cpp
Invoking: MCU C++ Compiler
arm-none-eabi-c++ -std=gnu++11 -D__NEWLIB__ -DDEBUG -D__CODE_RED -DCORE_M3 -DCPP_USE_HEAP -D__LPC15XX__ -I"C:\Users\cheri\Desktop\OBD-II\src\Adapter\helloworld\inc" -I"C:\Users\cheri\Desktop\OBD-II\src\Adapter\helloworld\inc\chip_15xx_inc" -I"C:\Users\cheri\Desktop\OBD-II\src\Adapter\helloworld\inc\chip_15xx_inc\usbd" -O0 -fno-common -g3 -Wall -c -fmessage-length=0 -fno-builtin -ffunction-sections -fdata-sections -fno-rtti -fno-exceptions -mcpu=cortex-m3 -mthumb -D__NEWLIB__ -MMD -MP -MF"src/cr_startup_lpc15xx.d" -MT"src/cr_startup_lpc15xx.o" -MT"src/cr_startup_lpc15xx.d" -o "src/cr_startup_lpc15xx.o" "../src/cr_startup_lpc15xx.cpp"
Finished building: ../src/cr_startup_lpc15xx.cpp
 
Building file: ../src/crp.c
Invoking: MCU C Compiler
arm-none-eabi-gcc -D__NEWLIB__ -DDEBUG -D__CODE_RED -DCORE_M3 -DCPP_USE_HEAP -D__LPC15XX__ -I"C:\Users\cheri\Desktop\OBD-II\src\Adapter\helloworld\inc" -I"C:\Users\cheri\Desktop\OBD-II\src\Adapter\helloworld\inc\chip_15xx_inc" -I"C:\Users\cheri\Desktop\OBD-II\src\Adapter\helloworld\inc\chip_15xx_inc\usbd" -O0 -fno-common -g3 -Wall -c -fmessage-length=0 -fno-builtin -ffunction-sections -fdata-sections -mcpu=cortex-m3 -mthumb -MMD -MP -MF"src/crp.d" -MT"src/crp.o" -MT"src/crp.d" -o "src/crp.o" "../src/crp.c"
Finished building: ../src/crp.c
 
Building file: ../src/helloworld.cpp
Invoking: MCU C++ Compiler
arm-none-eabi-c++ -std=gnu++11 -D__NEWLIB__ -DDEBUG -D__CODE_RED -DCORE_M3 -DCPP_USE_HEAP -D__LPC15XX__ -I"C:\Users\cheri\Desktop\OBD-II\src\Adapter\helloworld\inc" -I"C:\Users\cheri\Desktop\OBD-II\src\Adapter\helloworld\inc\chip_15xx_inc" -I"C:\Users\cheri\Desktop\OBD-II\src\Adapter\helloworld\inc\chip_15xx_inc\usbd" -O0 -fno-common -g3 -Wall -c -fmessage-length=0 -fno-builtin -ffunction-sections -fdata-sections -fno-rtti -fno-exceptions -mcpu=cortex-m3 -mthumb -D__NEWLIB__ -MMD -MP -MF"src/helloworld.d" -MT"src/helloworld.o" -MT"src/helloworld.d" -o "src/helloworld.o" "../src/helloworld.cpp"
Finished building: ../src/helloworld.cpp
 
Building target: helloworld.axf
Invoking: MCU C++ Linker
arm-none-eabi-c++ -nostdlib -Xlinker -Map="helloworld.map" -Xlinker --gc-sections -Xlinker -print-memory-usage -mcpu=cortex-m3 -mthumb -T "helloworld_Debug.ld" -o "helloworld.axf"  ./src/utility_src/algorithms.o ./src/utility_src/canmsgbuffer.o ./src/utility_src/lstring.o  ./src/obd_protocol_src/canhistory.o ./src/obd_protocol_src/isocan.o ./src/obd_protocol_src/isoserial.o ./src/obd_protocol_src/obdprofile.o ./src/obd_protocol_src/padapter.o ./src/obd_protocol_src/pwm.o ./src/obd_protocol_src/vpw.o  ./src/driver_src/CanDriverLPC15xx.o ./src/driver_src/CmdUartLPC15xx.o ./src/driver_src/EcuUartLPC15xx.o ./src/driver_src/PwmDriverLPC15xx.o ./src/driver_src/SysutilityLPC15xx.o ./src/driver_src/TimerLPC15xx.o ./src/driver_src/led.o  ./src/chip_15xx_src/acmp_15xx.o ./src/chip_15xx_src/adc_15xx.o ./src/chip_15xx_src/chip_15xx.o ./src/chip_15xx_src/clock_15xx.o ./src/chip_15xx_src/crc_15xx.o ./src/chip_15xx_src/dac_15xx.o ./src/chip_15xx_src/dma_15xx.o ./src/chip_15xx_src/eeprom.o ./src/chip_15xx_src/gpio_15xx.o ./src/chip_15xx_src/i2c_common_15xx.o ./src/chip_15xx_src/i2cm_15xx.o ./src/chip_15xx_src/i2cs_15xx.o ./src/chip_15xx_src/iap.o ./src/chip_15xx_src/iocon_15xx.o ./src/chip_15xx_src/pinint_15xx.o ./src/chip_15xx_src/pmu_15xx.o ./src/chip_15xx_src/ring_buffer.o ./src/chip_15xx_src/ritimer_15xx.o ./src/chip_15xx_src/rtc_15xx.o ./src/chip_15xx_src/sct_15xx.o ./src/chip_15xx_src/sct_pwm_15xx.o ./src/chip_15xx_src/sctipu_15xx.o ./src/chip_15xx_src/spi_15xx.o ./src/chip_15xx_src/stopwatch_15xx.o ./src/chip_15xx_src/swm_15xx.o ./src/chip_15xx_src/sysctl_15xx.o ./src/chip_15xx_src/sysinit_15xx.o ./src/chip_15xx_src/uart_15xx.o ./src/chip_15xx_src/wwdt_15xx.o  ./src/adapter/adapterconfig.o ./src/adapter/autoadapter.o ./src/adapter/dispatcher.o ./src/adapter/ecumsg.o ./src/adapter/functions.o  ./src/cr_cpp_config.o ./src/cr_startup_lpc15xx.o ./src/crp.o ./src/helloworld.o   
Memory region         Used Size  Region Size  %age Used
       MFlash256:       50836 B       256 KB     19.39%
         Ram0_16:        3568 B        16 KB     21.78%
         Ram1_16:          0 GB        16 KB      0.00%
          Ram2_4:          0 GB         4 KB      0.00%
Finished building target: helloworld.axf
 
/bin/make --no-print-directory post-build
Performing post-build steps
arm-none-eabi-size "helloworld.axf"; # arm-none-eabi-objcopy -v -O binary "helloworld.axf" "helloworld.bin" ; # checksum -p LPC1549 -d "helloworld.bin";
   text	   data	    bss	    dec	    hex	filename
  48708	   2128	   1440	  52276	   cc34	helloworld.axf
 

16:19:09 Build Finished (took 26s.273ms)

