20:18:22 **** Incremental Build of configuration Debug for project hello_world ****
make -r all 
Building target: hello_world.axf
Invoking: MCU C++ Linker
arm-none-eabi-c++ -nostdlib -Xlinker -Map="hello_world.map" -Xlinker --gc-sections -Xlinker -print-memory-usage -mcpu=cortex-m3 -mthumb -T "hello_world_Debug.ld" -o "hello_world.axf"  ./src/cr_cpp_config.o ./src/cr_startup_lpc15xx.o ./src/crp.o ./src/hello_world.o   
Memory region         Used Size  Region Size  %age Used
       MFlash256:         988 B       256 KB      0.38%
         Ram0_16:          32 B        16 KB      0.20%
         Ram1_16:          0 GB        16 KB      0.00%
          Ram2_4:          0 GB         4 KB      0.00%
Finished building target: hello_world.axf
 
/bin/make --no-print-directory post-build
Performing post-build steps
arm-none-eabi-size "hello_world.axf"; # arm-none-eabi-objcopy -v -O binary "hello_world.axf" "hello_world.bin" ; # checksum -p LPC1549 -d "hello_world.bin";
   text	   data	    bss	    dec	    hex	filename
    988	      0	     32	   1020	    3fc	hello_world.axf
 

20:18:23 Build Finished (took 1s.30ms)

