14:59:51 **** Build of configuration Debug for project periph_uart_rom_int ****
make -r all 
Building target: periph_uart_rom_int.axf
Invoking: MCU Linker
arm-none-eabi-gcc -nostdlib -L"C:\Users\cheri\Desktop\OBD-II\src\Adapter\lpc_chip_15xx\Debug" -L"C:\Users\cheri\Desktop\OBD-II\src\Adapter\lpc_board_nxp_lpcxpresso_1549\Debug" -Xlinker -Map="periph_uart_rom_int.map" -Xlinker --gc-sections -mcpu=cortex-m3 -mthumb -T "periph_uart_rom_int_Debug.ld" -o "periph_uart_rom_int.axf"  ./example/src/cr_startup_lpc15xx.o ./example/src/sysinit.o ./example/src/uart_rom_int.o   -llpc_board_nxp_lpcxpresso_1549 -llpc_chip_15xx
Finished building target: periph_uart_rom_int.axf
 
/bin/make --no-print-directory post-build
Performing post-build steps
arm-none-eabi-size "periph_uart_rom_int.axf"; # arm-none-eabi-objcopy -v -O binary "periph_uart_rom_int.axf" "periph_uart_rom_int.bin" ; # checksum -p LPC1549 -d "periph_uart_rom_int.bin";
   text	   data	    bss	    dec	    hex	filename
   7752	      0	    448	   8200	   2008	periph_uart_rom_int.axf
 

14:59:51 Build Finished (took 437ms)

