14:59:49 **** Build of configuration Debug for project periph_systick ****
make -r all 
Building target: periph_systick.axf
Invoking: MCU Linker
arm-none-eabi-gcc -nostdlib -L"C:\Users\cheri\Desktop\OBD-II\src\Adapter\lpc_chip_15xx\Debug" -L"C:\Users\cheri\Desktop\OBD-II\src\Adapter\lpc_board_nxp_lpcxpresso_1549\Debug" -Xlinker -Map="periph_systick.map" -Xlinker --gc-sections -mcpu=cortex-m3 -mthumb -T "periph_systick_Debug.ld" -o "periph_systick.axf"  ./example/src/cr_startup_lpc15xx.o ./example/src/sysinit.o ./example/src/systick.o   -llpc_board_nxp_lpcxpresso_1549 -llpc_chip_15xx
Finished building target: periph_systick.axf
 
/bin/make --no-print-directory post-build
Performing post-build steps
arm-none-eabi-size "periph_systick.axf"; # arm-none-eabi-objcopy -v -O binary "periph_systick.axf" "periph_systick.bin" ; # checksum -p LPC1549 -d "periph_systick.bin";
   text	   data	    bss	    dec	    hex	filename
   6964	      0	    340	   7304	   1c88	periph_systick.axf
 

14:59:49 Build Finished (took 395ms)

