14:59:48 **** Build of configuration Debug for project periph_pmu_rom ****
make -r all 
Building target: periph_pmu_rom.axf
Invoking: MCU Linker
arm-none-eabi-gcc -nostdlib -L"C:\Users\cheri\Desktop\OBD-II\src\Adapter\lpc_chip_15xx\Debug" -L"C:\Users\cheri\Desktop\OBD-II\src\Adapter\lpc_board_nxp_lpcxpresso_1549\Debug" -Xlinker -Map="periph_pmu_rom.map" -Xlinker --gc-sections -mcpu=cortex-m3 -mthumb -T "periph_pmu_rom_Debug.ld" -o "periph_pmu_rom.axf"  ./example/src/cr_startup_lpc15xx.o ./example/src/pmu_rom.o ./example/src/sysinit.o   -llpc_board_nxp_lpcxpresso_1549 -llpc_chip_15xx
Finished building target: periph_pmu_rom.axf
 
/bin/make --no-print-directory post-build
Performing post-build steps
arm-none-eabi-size "periph_pmu_rom.axf"; # arm-none-eabi-objcopy -v -O binary "periph_pmu_rom.axf" "periph_pmu_rom.bin" ; # checksum -p LPC1549 -d "periph_pmu_rom.bin";
   text	   data	    bss	    dec	    hex	filename
  16888	      0	    340	  17228	   434c	periph_pmu_rom.axf
 

14:59:49 Build Finished (took 449ms)

