17:50:22 **** Incremental Build of configuration Debug for project periph_blinky ****
make -r all 
Building file: ../example/src/systick.c
Invoking: MCU C Compiler
arm-none-eabi-gcc -DDEBUG -D__CODE_RED -D__USE_LPCOPEN -D__REDLIB__ -DCORE_M3 -I"C:\Users\cheri\Desktop\OBD-II\src\Adapter\lpc_chip_15xx\inc" -I"C:\Users\cheri\Desktop\OBD-II\src\Adapter\lpc_board_nxp_lpcxpresso_1549\inc" -O0 -g3 -Wall -c -fmessage-length=0 -fno-builtin -ffunction-sections -fdata-sections -mcpu=cortex-m3 -mthumb -specs=redlib.specs -MMD -MP -MF"example/src/systick.d" -MT"example/src/systick.o" -MT"example/src/systick.d" -o "example/src/systick.o" "../example/src/systick.c"
Finished building: ../example/src/systick.c
 
Building target: periph_blinky.axf
Invoking: MCU Linker
arm-none-eabi-gcc -nostdlib -L"C:\Users\cheri\Desktop\OBD-II\src\Adapter\lpc_chip_15xx\Debug" -L"C:\Users\cheri\Desktop\OBD-II\src\Adapter\lpc_board_nxp_lpcxpresso_1549\Debug" -Xlinker -Map="periph_blinky.map" -Xlinker --gc-sections -mcpu=cortex-m3 -mthumb -T "periph_blinky_Debug.ld" -o "periph_blinky.axf"  ./example/src/cr_startup_lpc15xx.o ./example/src/sysinit.o ./example/src/systick.o   -llpc_board_nxp_lpcxpresso_1549 -llpc_chip_15xx
Finished building target: periph_blinky.axf
 
/bin/make --no-print-directory post-build
Performing post-build steps
arm-none-eabi-size "periph_blinky.axf"; # arm-none-eabi-objcopy -v -O binary "periph_blinky.axf" "periph_blinky.bin" ; # checksum -p LPC1549 -d "periph_blinky.bin";
   text	   data	    bss	    dec	    hex	filename
   7120	      0	    344	   7464	   1d28	periph_blinky.axf
 

17:50:23 Build Finished (took 653ms)

