14:59:45 **** Build of configuration Debug for project periph_crc ****
make -r all 
Building target: periph_crc.axf
Invoking: MCU Linker
arm-none-eabi-gcc -nostdlib -L"C:\Users\cheri\Desktop\OBD-II\src\Adapter\lpc_chip_15xx\Debug" -L"C:\Users\cheri\Desktop\OBD-II\src\Adapter\lpc_board_nxp_lpcxpresso_1549\Debug" -Xlinker -Map="periph_crc.map" -Xlinker --gc-sections -mcpu=cortex-m3 -mthumb -T "periph_crc_Debug.ld" -o "periph_crc.axf"  ./example/src/cr_startup_lpc15xx.o ./example/src/crc.o ./example/src/sysinit.o   -llpc_board_nxp_lpcxpresso_1549 -llpc_chip_15xx
Finished building target: periph_crc.axf
 
/bin/make --no-print-directory post-build
Performing post-build steps
arm-none-eabi-size "periph_crc.axf"; # arm-none-eabi-objcopy -v -O binary "periph_crc.axf" "periph_crc.bin" ; # checksum -p LPC1549 -d "periph_crc.bin";
   text	   data	    bss	    dec	    hex	filename
   7400	      0	    344	   7744	   1e40	periph_crc.axf
 

14:59:46 Build Finished (took 485ms)

