14:59:54 **** Build of configuration Debug for project usbd_rom_cdc_vcom ****
make -r all 
Building target: usbd_rom_cdc_vcom.axf
Invoking: MCU Linker
arm-none-eabi-gcc -nostdlib -L"C:\Users\cheri\Desktop\OBD-II\src\Adapter\lpc_chip_15xx\Debug" -L"C:\Users\cheri\Desktop\OBD-II\src\Adapter\lpc_board_nxp_lpcxpresso_1549\Debug" -Xlinker -Map="usbd_rom_cdc_vcom.map" -Xlinker --gc-sections -mcpu=cortex-m3 -mthumb -T "usbd_rom_cdc_vcom_Debug.ld" -o "usbd_rom_cdc_vcom.axf"  ./example/src/cdc_desc.o ./example/src/cdc_main.o ./example/src/cdc_vcom.o ./example/src/cr_startup_lpc15xx.o ./example/src/sysinit.o   -llpc_board_nxp_lpcxpresso_1549 -llpc_chip_15xx
Finished building target: usbd_rom_cdc_vcom.axf
 
/bin/make --no-print-directory post-build
Performing post-build steps
arm-none-eabi-size "usbd_rom_cdc_vcom.axf"; # arm-none-eabi-objcopy -v -O binary "usbd_rom_cdc_vcom.axf" "usbd_rom_cdc_vcom.bin" ; # checksum -p LPC1549 -d "usbd_rom_cdc_vcom.bin";
   text	   data	    bss	    dec	    hex	filename
   8356	     76	    624	   9056	   2360	usbd_rom_cdc_vcom.axf
 

14:59:54 Build Finished (took 492ms)

