19:16:56 **** Incremental Build of configuration Debug for project allpro-master ****
make -r all 
make: *** No rule to make target `all'.  Stop.
12:36:08 **** Build of configuration Debug for project periph_blinky ****
make -r all 
Building target: periph_blinky.axf
Invoking: MCU Linker
arm-none-eabi-gcc -nostdlib -L"C:\Users\cheri\Desktop\OBD-II\src\Test\lpc_chip_15xx\Debug" -L"C:\Users\cheri\Desktop\OBD-II\src\Test\lpc_board_nxp_lpcxpresso_1549\Debug" -Xlinker -Map="periph_blinky.map" -Xlinker --gc-sections -mcpu=cortex-m3 -mthumb -T "periph_blinky_Debug.ld" -o "periph_blinky.axf"  ./example/src/cr_startup_lpc15xx.o ./example/src/sysinit.o ./example/src/systick.o   -llpc_board_nxp_lpcxpresso_1549 -llpc_chip_15xx
Finished building target: periph_blinky.axf
 
/bin/make --no-print-directory post-build
Performing post-build steps
arm-none-eabi-size "periph_blinky.axf"; # arm-none-eabi-objcopy -v -O binary "periph_blinky.axf" "periph_blinky.bin" ; # checksum -p LPC1549 -d "periph_blinky.bin";
   text	   data	    bss	    dec	    hex	filename
   6964	      0	    340	   7304	   1c88	periph_blinky.axf
 
12:36:14 **** Build of configuration Debug for project hello world ****
make all 
Cannot run program "make": Launching failed

Error: Program "make" not found in PATH
PATH=[\bin;D:/nxp/LPCXpresso_8.2.2_650/lpcxpresso/jre/bin/client;D:/nxp/LPCXpresso_8.2.2_650/lpcxpresso/jre/bin;D:/nxp/LPCXpresso_8.2.2_650/lpcxpresso/jre/lib/i386;C:\ProgramData\Oracle\Java\javapath;C:\Windows\system32;C:\Windows;C:\Windows\System32\Wbem;C:\Windows\System32\WindowsPowerShell\v1.0\;C:\Program Files\Microsoft SQL Server\130\Tools\Binn\;C:\Program Files (x86)\Windows Kits\10\Windows Performance Toolkit\;C:\Program Files\dotnet\;C:\Program Files\MySQL\MySQL Utilities 1.6\;C:\Program Files\Git\cmd;C:\Program Files\Git\mingw64\bin;C:\Program Files\Git\usr\bin;C:\Users\cheri\AppData\Local\Microsoft\WindowsApps;D:\Python27;D:\Program Files\Java\jdk1.8.0_111\bin\;d:\nxp\LPCXpresso_8.2.2_650\lpcxpresso]
12:36:15 **** Incremental Build of configuration Debug for project hello world ****
make all 
Cannot run program "make": Launching failed

Error: Program "make" not found in PATH
PATH=[\bin;D:/nxp/LPCXpresso_8.2.2_650/lpcxpresso/jre/bin/client;D:/nxp/LPCXpresso_8.2.2_650/lpcxpresso/jre/bin;D:/nxp/LPCXpresso_8.2.2_650/lpcxpresso/jre/lib/i386;C:\ProgramData\Oracle\Java\javapath;C:\Windows\system32;C:\Windows;C:\Windows\System32\Wbem;C:\Windows\System32\WindowsPowerShell\v1.0\;C:\Program Files\Microsoft SQL Server\130\Tools\Binn\;C:\Program Files (x86)\Windows Kits\10\Windows Performance Toolkit\;C:\Program Files\dotnet\;C:\Program Files\MySQL\MySQL Utilities 1.6\;C:\Program Files\Git\cmd;C:\Program Files\Git\mingw64\bin;C:\Program Files\Git\usr\bin;C:\Users\cheri\AppData\Local\Microsoft\WindowsApps;D:\Python27;D:\Program Files\Java\jdk1.8.0_111\bin\;d:\nxp\LPCXpresso_8.2.2_650\lpcxpresso]
12:36:40 **** Incremental Build of configuration Debug for project hello world ****
make all 
Cannot run program "make": Launching failed

Error: Program "make" not found in PATH
PATH=[\bin;D:/nxp/LPCXpresso_8.2.2_650/lpcxpresso/jre/bin/client;D:/nxp/LPCXpresso_8.2.2_650/lpcxpresso/jre/bin;D:/nxp/LPCXpresso_8.2.2_650/lpcxpresso/jre/lib/i386;C:\ProgramData\Oracle\Java\javapath;C:\Windows\system32;C:\Windows;C:\Windows\System32\Wbem;C:\Windows\System32\WindowsPowerShell\v1.0\;C:\Program Files\Microsoft SQL Server\130\Tools\Binn\;C:\Program Files (x86)\Windows Kits\10\Windows Performance Toolkit\;C:\Program Files\dotnet\;C:\Program Files\MySQL\MySQL Utilities 1.6\;C:\Program Files\Git\cmd;C:\Program Files\Git\mingw64\bin;C:\Program Files\Git\usr\bin;C:\Users\cheri\AppData\Local\Microsoft\WindowsApps;D:\Python27;D:\Program Files\Java\jdk1.8.0_111\bin\;d:\nxp\LPCXpresso_8.2.2_650\lpcxpresso]
12:36:41 **** Incremental Build of configuration Debug for project hello world ****
make all 
Cannot run program "make": Launching failed

Error: Program "make" not found in PATH
PATH=[\bin;D:/nxp/LPCXpresso_8.2.2_650/lpcxpresso/jre/bin/client;D:/nxp/LPCXpresso_8.2.2_650/lpcxpresso/jre/bin;D:/nxp/LPCXpresso_8.2.2_650/lpcxpresso/jre/lib/i386;C:\ProgramData\Oracle\Java\javapath;C:\Windows\system32;C:\Windows;C:\Windows\System32\Wbem;C:\Windows\System32\WindowsPowerShell\v1.0\;C:\Program Files\Microsoft SQL Server\130\Tools\Binn\;C:\Program Files (x86)\Windows Kits\10\Windows Performance Toolkit\;C:\Program Files\dotnet\;C:\Program Files\MySQL\MySQL Utilities 1.6\;C:\Program Files\Git\cmd;C:\Program Files\Git\mingw64\bin;C:\Program Files\Git\usr\bin;C:\Users\cheri\AppData\Local\Microsoft\WindowsApps;D:\Python27;D:\Program Files\Java\jdk1.8.0_111\bin\;d:\nxp\LPCXpresso_8.2.2_650\lpcxpresso]
12:37:21 **** Incremental Build of configuration Debug for project hello world ****
make all 
Cannot run program "make": Launching failed

Error: Program "make" not found in PATH
PATH=[\bin;D:/nxp/LPCXpresso_8.2.2_650/lpcxpresso/jre/bin/client;D:/nxp/LPCXpresso_8.2.2_650/lpcxpresso/jre/bin;D:/nxp/LPCXpresso_8.2.2_650/lpcxpresso/jre/lib/i386;C:\ProgramData\Oracle\Java\javapath;C:\Windows\system32;C:\Windows;C:\Windows\System32\Wbem;C:\Windows\System32\WindowsPowerShell\v1.0\;C:\Program Files\Microsoft SQL Server\130\Tools\Binn\;C:\Program Files (x86)\Windows Kits\10\Windows Performance Toolkit\;C:\Program Files\dotnet\;C:\Program Files\MySQL\MySQL Utilities 1.6\;C:\Program Files\Git\cmd;C:\Program Files\Git\mingw64\bin;C:\Program Files\Git\usr\bin;C:\Users\cheri\AppData\Local\Microsoft\WindowsApps;D:\Python27;D:\Program Files\Java\jdk1.8.0_111\bin\;d:\nxp\LPCXpresso_8.2.2_650\lpcxpresso]
14:33:47 **** Incremental Build of configuration Debug for project periph_blinky ****
make -r all 
make: Nothing to be done for `all'.
