21:04:58 **** Build of configuration Debug for project periph_grouped_int ****
make -r all 
Building file: ../example/src/cr_startup_lpc15xx.c
Invoking: MCU C Compiler
arm-none-eabi-gcc -DDEBUG -D__CODE_RED -D__USE_LPCOPEN -D__REDLIB__ -DCORE_M3 -I"C:\Users\Topon\Desktop\OBD-II\src_ref\lpc_board_nxp_lpcxpresso_1549\lpc_chip_15xx\inc" -I"C:\Users\Topon\Desktop\OBD-II\src_ref\lpc_board_nxp_lpcxpresso_1549\lpc_board_nxp_lpcxpresso_1549\inc" -O0 -g3 -Wall -c -fmessage-length=0 -fno-builtin -ffunction-sections -fdata-sections -mcpu=cortex-m3 -mthumb -specs=redlib.specs -MMD -MP -MF"example/src/cr_startup_lpc15xx.d" -MT"example/src/cr_startup_lpc15xx.o" -MT"example/src/cr_startup_lpc15xx.d" -o "example/src/cr_startup_lpc15xx.o" "../example/src/cr_startup_lpc15xx.c"
Finished building: ../example/src/cr_startup_lpc15xx.c
 
Building file: ../example/src/grouped_int.c
Invoking: MCU C Compiler
arm-none-eabi-gcc -DDEBUG -D__CODE_RED -D__USE_LPCOPEN -D__REDLIB__ -DCORE_M3 -I"C:\Users\Topon\Desktop\OBD-II\src_ref\lpc_board_nxp_lpcxpresso_1549\lpc_chip_15xx\inc" -I"C:\Users\Topon\Desktop\OBD-II\src_ref\lpc_board_nxp_lpcxpresso_1549\lpc_board_nxp_lpcxpresso_1549\inc" -O0 -g3 -Wall -c -fmessage-length=0 -fno-builtin -ffunction-sections -fdata-sections -mcpu=cortex-m3 -mthumb -specs=redlib.specs -MMD -MP -MF"example/src/grouped_int.d" -MT"example/src/grouped_int.o" -MT"example/src/grouped_int.d" -o "example/src/grouped_int.o" "../example/src/grouped_int.c"
Finished building: ../example/src/grouped_int.c
 
Building file: ../example/src/sysinit.c
Invoking: MCU C Compiler
arm-none-eabi-gcc -DDEBUG -D__CODE_RED -D__USE_LPCOPEN -D__REDLIB__ -DCORE_M3 -I"C:\Users\Topon\Desktop\OBD-II\src_ref\lpc_board_nxp_lpcxpresso_1549\lpc_chip_15xx\inc" -I"C:\Users\Topon\Desktop\OBD-II\src_ref\lpc_board_nxp_lpcxpresso_1549\lpc_board_nxp_lpcxpresso_1549\inc" -O0 -g3 -Wall -c -fmessage-length=0 -fno-builtin -ffunction-sections -fdata-sections -mcpu=cortex-m3 -mthumb -specs=redlib.specs -MMD -MP -MF"example/src/sysinit.d" -MT"example/src/sysinit.o" -MT"example/src/sysinit.d" -o "example/src/sysinit.o" "../example/src/sysinit.c"
Finished building: ../example/src/sysinit.c
 
Building target: periph_grouped_int.axf
Invoking: MCU Linker
arm-none-eabi-gcc -nostdlib -L"C:\Users\Topon\Desktop\OBD-II\src_ref\lpc_board_nxp_lpcxpresso_1549\lpc_chip_15xx\Debug" -L"C:\Users\Topon\Desktop\OBD-II\src_ref\lpc_board_nxp_lpcxpresso_1549\lpc_board_nxp_lpcxpresso_1549\Debug" -Xlinker -Map="periph_grouped_int.map" -Xlinker --gc-sections -mcpu=cortex-m3 -mthumb -T "periph_grouped_int_Debug.ld" -o "periph_grouped_int.axf"  ./example/src/cr_startup_lpc15xx.o ./example/src/grouped_int.o ./example/src/sysinit.o   -llpc_board_nxp_lpcxpresso_1549 -llpc_chip_15xx
Finished building target: periph_grouped_int.axf
 
/bin/make --no-print-directory post-build
Performing post-build steps
arm-none-eabi-size "periph_grouped_int.axf"; # arm-none-eabi-objcopy -v -O binary "periph_grouped_int.axf" "periph_grouped_int.bin" ; # checksum -p LPC1549 -d "periph_grouped_int.bin";
   text	   data	    bss	    dec	    hex	filename
   7260	      0	    340	   7600	   1db0	periph_grouped_int.axf
 

21:04:59 Build Finished (took 1s.158ms)

