21:05:09 **** Build of configuration Debug for project periph_uart_rom_polling ****
make -r all 
Building file: ../example/src/cr_startup_lpc15xx.c
Invoking: MCU C Compiler
arm-none-eabi-gcc -DDEBUG -D__CODE_RED -D__USE_LPCOPEN -D__REDLIB__ -DCORE_M3 -I"C:\Users\Topon\Desktop\OBD-II\src_ref\lpc_board_nxp_lpcxpresso_1549\lpc_chip_15xx\inc" -I"C:\Users\Topon\Desktop\OBD-II\src_ref\lpc_board_nxp_lpcxpresso_1549\lpc_board_nxp_lpcxpresso_1549\inc" -O0 -g3 -Wall -c -fmessage-length=0 -fno-builtin -ffunction-sections -fdata-sections -mcpu=cortex-m3 -mthumb -specs=redlib.specs -MMD -MP -MF"example/src/cr_startup_lpc15xx.d" -MT"example/src/cr_startup_lpc15xx.o" -MT"example/src/cr_startup_lpc15xx.d" -o "example/src/cr_startup_lpc15xx.o" "../example/src/cr_startup_lpc15xx.c"
Finished building: ../example/src/cr_startup_lpc15xx.c
 
Building file: ../example/src/sysinit.c
Invoking: MCU C Compiler
arm-none-eabi-gcc -DDEBUG -D__CODE_RED -D__USE_LPCOPEN -D__REDLIB__ -DCORE_M3 -I"C:\Users\Topon\Desktop\OBD-II\src_ref\lpc_board_nxp_lpcxpresso_1549\lpc_chip_15xx\inc" -I"C:\Users\Topon\Desktop\OBD-II\src_ref\lpc_board_nxp_lpcxpresso_1549\lpc_board_nxp_lpcxpresso_1549\inc" -O0 -g3 -Wall -c -fmessage-length=0 -fno-builtin -ffunction-sections -fdata-sections -mcpu=cortex-m3 -mthumb -specs=redlib.specs -MMD -MP -MF"example/src/sysinit.d" -MT"example/src/sysinit.o" -MT"example/src/sysinit.d" -o "example/src/sysinit.o" "../example/src/sysinit.c"
Finished building: ../example/src/sysinit.c
 
Building file: ../example/src/uart_rom_polling.c
Invoking: MCU C Compiler
arm-none-eabi-gcc -DDEBUG -D__CODE_RED -D__USE_LPCOPEN -D__REDLIB__ -DCORE_M3 -I"C:\Users\Topon\Desktop\OBD-II\src_ref\lpc_board_nxp_lpcxpresso_1549\lpc_chip_15xx\inc" -I"C:\Users\Topon\Desktop\OBD-II\src_ref\lpc_board_nxp_lpcxpresso_1549\lpc_board_nxp_lpcxpresso_1549\inc" -O0 -g3 -Wall -c -fmessage-length=0 -fno-builtin -ffunction-sections -fdata-sections -mcpu=cortex-m3 -mthumb -specs=redlib.specs -MMD -MP -MF"example/src/uart_rom_polling.d" -MT"example/src/uart_rom_polling.o" -MT"example/src/uart_rom_polling.d" -o "example/src/uart_rom_polling.o" "../example/src/uart_rom_polling.c"
Finished building: ../example/src/uart_rom_polling.c
 
Building target: periph_uart_rom_polling.axf
Invoking: MCU Linker
arm-none-eabi-gcc -nostdlib -L"C:\Users\Topon\Desktop\OBD-II\src_ref\lpc_board_nxp_lpcxpresso_1549\lpc_chip_15xx\Debug" -L"C:\Users\Topon\Desktop\OBD-II\src_ref\lpc_board_nxp_lpcxpresso_1549\lpc_board_nxp_lpcxpresso_1549\Debug" -Xlinker -Map="periph_uart_rom_polling.map" -Xlinker --gc-sections -mcpu=cortex-m3 -mthumb -T "periph_uart_rom_polling_Debug.ld" -o "periph_uart_rom_polling.axf"  ./example/src/cr_startup_lpc15xx.o ./example/src/sysinit.o ./example/src/uart_rom_polling.o   -llpc_board_nxp_lpcxpresso_1549 -llpc_chip_15xx
Finished building target: periph_uart_rom_polling.axf
 
/bin/make --no-print-directory post-build
Performing post-build steps
arm-none-eabi-size "periph_uart_rom_polling.axf"; # arm-none-eabi-objcopy -v -O binary "periph_uart_rom_polling.axf" "periph_uart_rom_polling.bin" ; # checksum -p LPC1549 -d "periph_uart_rom_polling.bin";
   text	   data	    bss	    dec	    hex	filename
   7504	      0	    440	   7944	   1f08	periph_uart_rom_polling.axf
 

21:05:10 Build Finished (took 1s.150ms)

