21:04:52 **** Build of configuration Debug for project periph_adc_rom ****
make -r all 
Building file: ../example/src/adc_rom.c
Invoking: MCU C Compiler
arm-none-eabi-gcc -DDEBUG -D__CODE_RED -D__USE_LPCOPEN -D__REDLIB__ -DCORE_M3 -I"C:\Users\Topon\Desktop\OBD-II\src_ref\lpc_board_nxp_lpcxpresso_1549\lpc_chip_15xx\inc" -I"C:\Users\Topon\Desktop\OBD-II\src_ref\lpc_board_nxp_lpcxpresso_1549\lpc_board_nxp_lpcxpresso_1549\inc" -O0 -g3 -Wall -c -fmessage-length=0 -fno-builtin -ffunction-sections -fdata-sections -mcpu=cortex-m3 -mthumb -specs=redlib.specs -MMD -MP -MF"example/src/adc_rom.d" -MT"example/src/adc_rom.o" -MT"example/src/adc_rom.d" -o "example/src/adc_rom.o" "../example/src/adc_rom.c"
Finished building: ../example/src/adc_rom.c
 
Building file: ../example/src/cr_startup_lpc15xx.c
Invoking: MCU C Compiler
arm-none-eabi-gcc -DDEBUG -D__CODE_RED -D__USE_LPCOPEN -D__REDLIB__ -DCORE_M3 -I"C:\Users\Topon\Desktop\OBD-II\src_ref\lpc_board_nxp_lpcxpresso_1549\lpc_chip_15xx\inc" -I"C:\Users\Topon\Desktop\OBD-II\src_ref\lpc_board_nxp_lpcxpresso_1549\lpc_board_nxp_lpcxpresso_1549\inc" -O0 -g3 -Wall -c -fmessage-length=0 -fno-builtin -ffunction-sections -fdata-sections -mcpu=cortex-m3 -mthumb -specs=redlib.specs -MMD -MP -MF"example/src/cr_startup_lpc15xx.d" -MT"example/src/cr_startup_lpc15xx.o" -MT"example/src/cr_startup_lpc15xx.d" -o "example/src/cr_startup_lpc15xx.o" "../example/src/cr_startup_lpc15xx.c"
Finished building: ../example/src/cr_startup_lpc15xx.c
 
Building file: ../example/src/sysinit.c
Invoking: MCU C Compiler
arm-none-eabi-gcc -DDEBUG -D__CODE_RED -D__USE_LPCOPEN -D__REDLIB__ -DCORE_M3 -I"C:\Users\Topon\Desktop\OBD-II\src_ref\lpc_board_nxp_lpcxpresso_1549\lpc_chip_15xx\inc" -I"C:\Users\Topon\Desktop\OBD-II\src_ref\lpc_board_nxp_lpcxpresso_1549\lpc_board_nxp_lpcxpresso_1549\inc" -O0 -g3 -Wall -c -fmessage-length=0 -fno-builtin -ffunction-sections -fdata-sections -mcpu=cortex-m3 -mthumb -specs=redlib.specs -MMD -MP -MF"example/src/sysinit.d" -MT"example/src/sysinit.o" -MT"example/src/sysinit.d" -o "example/src/sysinit.o" "../example/src/sysinit.c"
Finished building: ../example/src/sysinit.c
 
Building target: periph_adc_rom.axf
Invoking: MCU Linker
arm-none-eabi-gcc -nostdlib -L"C:\Users\Topon\Desktop\OBD-II\src_ref\lpc_board_nxp_lpcxpresso_1549\lpc_chip_15xx\Debug" -L"C:\Users\Topon\Desktop\OBD-II\src_ref\lpc_board_nxp_lpcxpresso_1549\lpc_board_nxp_lpcxpresso_1549\Debug" -Xlinker -Map="periph_adc_rom.map" -Xlinker --gc-sections -mcpu=cortex-m3 -mthumb -T "periph_adc_rom_Debug.ld" -o "periph_adc_rom.axf"  ./example/src/adc_rom.o ./example/src/cr_startup_lpc15xx.o ./example/src/sysinit.o   -llpc_board_nxp_lpcxpresso_1549 -llpc_chip_15xx
Finished building target: periph_adc_rom.axf
 
/bin/make --no-print-directory post-build
Performing post-build steps
arm-none-eabi-size "periph_adc_rom.axf"; # arm-none-eabi-objcopy -v -O binary "periph_adc_rom.axf" "periph_adc_rom.bin" ; # checksum -p LPC1549 -d "periph_adc_rom.bin";
   text	   data	    bss	    dec	    hex	filename
  16632	      0	   1184	  17816	   4598	periph_adc_rom.axf
 

21:04:53 Build Finished (took 1s.247ms)

