21:05:13 **** Build of configuration Debug for project usbd_rom_hid_generic ****
make -r all 
Building file: ../example/src/cr_startup_lpc15xx.c
Invoking: MCU C Compiler
arm-none-eabi-gcc -DDEBUG -D__CODE_RED -D__USE_LPCOPEN -D__REDLIB__ -DCORE_M3 -I"C:\Users\Topon\Desktop\OBD-II\src_ref\lpc_board_nxp_lpcxpresso_1549\lpc_chip_15xx\inc" -I"C:\Users\Topon\Desktop\OBD-II\src_ref\lpc_board_nxp_lpcxpresso_1549\lpc_board_nxp_lpcxpresso_1549\inc" -I"C:\Users\Topon\Desktop\OBD-II\src_ref\lpc_board_nxp_lpcxpresso_1549\usbd_rom_hid_generic\example\inc" -I"C:\Users\Topon\Desktop\OBD-II\src_ref\lpc_board_nxp_lpcxpresso_1549\lpc_chip_15xx\inc\usbd" -O0 -g3 -Wall -c -fmessage-length=0 -fno-builtin -ffunction-sections -fdata-sections -mcpu=cortex-m3 -mthumb -specs=redlib.specs -MMD -MP -MF"example/src/cr_startup_lpc15xx.d" -MT"example/src/cr_startup_lpc15xx.o" -MT"example/src/cr_startup_lpc15xx.d" -o "example/src/cr_startup_lpc15xx.o" "../example/src/cr_startup_lpc15xx.c"
Finished building: ../example/src/cr_startup_lpc15xx.c
 
Building file: ../example/src/hid_desc.c
Invoking: MCU C Compiler
arm-none-eabi-gcc -DDEBUG -D__CODE_RED -D__USE_LPCOPEN -D__REDLIB__ -DCORE_M3 -I"C:\Users\Topon\Desktop\OBD-II\src_ref\lpc_board_nxp_lpcxpresso_1549\lpc_chip_15xx\inc" -I"C:\Users\Topon\Desktop\OBD-II\src_ref\lpc_board_nxp_lpcxpresso_1549\lpc_board_nxp_lpcxpresso_1549\inc" -I"C:\Users\Topon\Desktop\OBD-II\src_ref\lpc_board_nxp_lpcxpresso_1549\usbd_rom_hid_generic\example\inc" -I"C:\Users\Topon\Desktop\OBD-II\src_ref\lpc_board_nxp_lpcxpresso_1549\lpc_chip_15xx\inc\usbd" -O0 -g3 -Wall -c -fmessage-length=0 -fno-builtin -ffunction-sections -fdata-sections -mcpu=cortex-m3 -mthumb -specs=redlib.specs -MMD -MP -MF"example/src/hid_desc.d" -MT"example/src/hid_desc.o" -MT"example/src/hid_desc.d" -o "example/src/hid_desc.o" "../example/src/hid_desc.c"
Finished building: ../example/src/hid_desc.c
 
Building file: ../example/src/hid_generic.c
Invoking: MCU C Compiler
arm-none-eabi-gcc -DDEBUG -D__CODE_RED -D__USE_LPCOPEN -D__REDLIB__ -DCORE_M3 -I"C:\Users\Topon\Desktop\OBD-II\src_ref\lpc_board_nxp_lpcxpresso_1549\lpc_chip_15xx\inc" -I"C:\Users\Topon\Desktop\OBD-II\src_ref\lpc_board_nxp_lpcxpresso_1549\lpc_board_nxp_lpcxpresso_1549\inc" -I"C:\Users\Topon\Desktop\OBD-II\src_ref\lpc_board_nxp_lpcxpresso_1549\usbd_rom_hid_generic\example\inc" -I"C:\Users\Topon\Desktop\OBD-II\src_ref\lpc_board_nxp_lpcxpresso_1549\lpc_chip_15xx\inc\usbd" -O0 -g3 -Wall -c -fmessage-length=0 -fno-builtin -ffunction-sections -fdata-sections -mcpu=cortex-m3 -mthumb -specs=redlib.specs -MMD -MP -MF"example/src/hid_generic.d" -MT"example/src/hid_generic.o" -MT"example/src/hid_generic.d" -o "example/src/hid_generic.o" "../example/src/hid_generic.c"
Finished building: ../example/src/hid_generic.c
 
Building file: ../example/src/hid_main.c
Invoking: MCU C Compiler
arm-none-eabi-gcc -DDEBUG -D__CODE_RED -D__USE_LPCOPEN -D__REDLIB__ -DCORE_M3 -I"C:\Users\Topon\Desktop\OBD-II\src_ref\lpc_board_nxp_lpcxpresso_1549\lpc_chip_15xx\inc" -I"C:\Users\Topon\Desktop\OBD-II\src_ref\lpc_board_nxp_lpcxpresso_1549\lpc_board_nxp_lpcxpresso_1549\inc" -I"C:\Users\Topon\Desktop\OBD-II\src_ref\lpc_board_nxp_lpcxpresso_1549\usbd_rom_hid_generic\example\inc" -I"C:\Users\Topon\Desktop\OBD-II\src_ref\lpc_board_nxp_lpcxpresso_1549\lpc_chip_15xx\inc\usbd" -O0 -g3 -Wall -c -fmessage-length=0 -fno-builtin -ffunction-sections -fdata-sections -mcpu=cortex-m3 -mthumb -specs=redlib.specs -MMD -MP -MF"example/src/hid_main.d" -MT"example/src/hid_main.o" -MT"example/src/hid_main.d" -o "example/src/hid_main.o" "../example/src/hid_main.c"
Finished building: ../example/src/hid_main.c
 
Building file: ../example/src/sysinit.c
Invoking: MCU C Compiler
arm-none-eabi-gcc -DDEBUG -D__CODE_RED -D__USE_LPCOPEN -D__REDLIB__ -DCORE_M3 -I"C:\Users\Topon\Desktop\OBD-II\src_ref\lpc_board_nxp_lpcxpresso_1549\lpc_chip_15xx\inc" -I"C:\Users\Topon\Desktop\OBD-II\src_ref\lpc_board_nxp_lpcxpresso_1549\lpc_board_nxp_lpcxpresso_1549\inc" -I"C:\Users\Topon\Desktop\OBD-II\src_ref\lpc_board_nxp_lpcxpresso_1549\usbd_rom_hid_generic\example\inc" -I"C:\Users\Topon\Desktop\OBD-II\src_ref\lpc_board_nxp_lpcxpresso_1549\lpc_chip_15xx\inc\usbd" -O0 -g3 -Wall -c -fmessage-length=0 -fno-builtin -ffunction-sections -fdata-sections -mcpu=cortex-m3 -mthumb -specs=redlib.specs -MMD -MP -MF"example/src/sysinit.d" -MT"example/src/sysinit.o" -MT"example/src/sysinit.d" -o "example/src/sysinit.o" "../example/src/sysinit.c"
Finished building: ../example/src/sysinit.c
 
Building target: usbd_rom_hid_generic.axf
Invoking: MCU Linker
arm-none-eabi-gcc -nostdlib -L"C:\Users\Topon\Desktop\OBD-II\src_ref\lpc_board_nxp_lpcxpresso_1549\lpc_chip_15xx\Debug" -L"C:\Users\Topon\Desktop\OBD-II\src_ref\lpc_board_nxp_lpcxpresso_1549\lpc_board_nxp_lpcxpresso_1549\Debug" -Xlinker -Map="usbd_rom_hid_generic.map" -Xlinker --gc-sections -mcpu=cortex-m3 -mthumb -T "usbd_rom_hid_generic_Debug.ld" -o "usbd_rom_hid_generic.axf"  ./example/src/cr_startup_lpc15xx.o ./example/src/hid_desc.o ./example/src/hid_generic.o ./example/src/hid_main.o ./example/src/sysinit.o   -llpc_board_nxp_lpcxpresso_1549 -llpc_chip_15xx
Finished building target: usbd_rom_hid_generic.axf
 
/bin/make --no-print-directory post-build
Performing post-build steps
arm-none-eabi-size "usbd_rom_hid_generic.axf"; # arm-none-eabi-objcopy -v -O binary "usbd_rom_hid_generic.axf" "usbd_rom_hid_generic.bin" ; # checksum -p LPC1549 -d "usbd_rom_hid_generic.bin";
   text	   data	    bss	    dec	    hex	filename
   7568	     44	    348	   7960	   1f18	usbd_rom_hid_generic.axf
 

21:05:15 Build Finished (took 2s.3ms)

